Component: ARM Compiler 6.16 Tool: armlink [5dfeaa00]

==============================================================================

Section Cross References

    main.o(.text.main) refers to dio.o(.text.DIO_Init) for DIO_Init
    main.o(.text.main) refers to adc.o(.text.ADC0Init) for ADC0Init
    main.o(.text.main) refers to lcd.o(.text.LCD_Init) for LCD_Init
    main.o(.text.main) refers to uart.o(.text.UART_init) for UART_init
    main.o(.text.main) refers to queue.o(.text.xQueueGenericCreate) for xQueueGenericCreate
    main.o(.text.main) refers to main.o(.bss.UartQueue) for UartQueue
    main.o(.text.main) refers to main.o(.bss.LCDQueue) for LCDQueue
    main.o(.text.main) refers to main.o(.bss.setpointQueue) for setpointQueue
    main.o(.text.main) refers to main.o(.text.mainTask) for mainTask
    main.o(.text.main) refers to main.o(.rodata.str1.1) for .L.str
    main.o(.text.main) refers to tasks.o(.text.xTaskCreate) for xTaskCreate
    main.o(.text.main) refers to main.o(.text.uartTask) for uartTask
    main.o(.text.main) refers to main.o(.text.lcdTask) for lcdTask
    main.o(.text.main) refers to tasks.o(.text.vTaskStartScheduler) for vTaskStartScheduler
    main.o(.ARM.exidx.text.main) refers to main.o(.text.main) for [Anonymous Symbol]
    main.o(.text.mainTask) refers to main.o(.bss.UartQueue) for UartQueue
    main.o(.text.mainTask) refers to queue.o(.text.xQueueReceive) for xQueueReceive
    main.o(.text.mainTask) refers to adc.o(.text.ADC0Read) for ADC0Read
    main.o(.text.mainTask) refers to dflt_clz.o(x$fpl$dflt) for __aeabi_i2d
    main.o(.text.mainTask) refers to ddiv.o(x$fpl$ddiv) for __aeabi_ddiv
    main.o(.text.mainTask) refers to dmul.o(x$fpl$dmul) for __aeabi_dmul
    main.o(.text.mainTask) refers to d2f.o(x$fpl$d2f) for __aeabi_d2f
    main.o(.text.mainTask) refers to dio.o(.text.DIO_WritePin) for DIO_WritePin
    main.o(.text.mainTask) refers to main.o(.bss.setpointQueue) for setpointQueue
    main.o(.text.mainTask) refers to queue.o(.text.xQueueGenericSend) for xQueueGenericSend
    main.o(.text.mainTask) refers to main.o(.bss.LCDQueue) for LCDQueue
    main.o(.ARM.exidx.text.mainTask) refers to main.o(.text.mainTask) for [Anonymous Symbol]
    main.o(.text.uartTask) refers to main.o(.rodata.str1.1) for .L.str.3
    main.o(.text.uartTask) refers to uart.o(.text.UARTSendString) for UARTSendString
    main.o(.text.uartTask) refers to uart.o(.text.UARTReceive2Digits) for UARTReceive2Digits
    main.o(.text.uartTask) refers to main.o(.bss.UartQueue) for UartQueue
    main.o(.text.uartTask) refers to queue.o(.text.xQueueGenericSend) for xQueueGenericSend
    main.o(.ARM.exidx.text.uartTask) refers to main.o(.text.uartTask) for [Anonymous Symbol]
    main.o(.text.lcdTask) refers to main.o(.rodata.str1.1) for .L.str.4
    main.o(.text.lcdTask) refers to lcd.o(.text.LCD_GoToString) for LCD_GoToString
    main.o(.text.lcdTask) refers to main.o(.bss.setpointQueue) for setpointQueue
    main.o(.text.lcdTask) refers to queue.o(.text.xQueueReceive) for xQueueReceive
    main.o(.text.lcdTask) refers to main.o(.bss.LCDQueue) for LCDQueue
    main.o(.text.lcdTask) refers to lcd.o(.text.LCD_Write_Int) for LCD_Write_Int
    main.o(.ARM.exidx.text.lcdTask) refers to main.o(.text.lcdTask) for [Anonymous Symbol]
    main.o(.ARM.exidx.text.theOvenTask) refers to main.o(.text.theOvenTask) for [Anonymous Symbol]
    dio.o(.text.DIO_Init) refers to dio.o(.rodata.pinCFG) for pinCFG
    dio.o(.ARM.exidx.text.DIO_Init) refers to dio.o(.text.DIO_Init) for [Anonymous Symbol]
    dio.o(.ARM.exidx.text.DIO_WritePort) refers to dio.o(.text.DIO_WritePort) for [Anonymous Symbol]
    dio.o(.ARM.exidx.text.DIO_WritePin) refers to dio.o(.text.DIO_WritePin) for [Anonymous Symbol]
    dio.o(.ARM.exidx.text.DIO_Read) refers to dio.o(.text.DIO_Read) for [Anonymous Symbol]
    dio.o(.ARM.exidx.text.DIO_ReadPort) refers to dio.o(.text.DIO_ReadPort) for [Anonymous Symbol]
    adc.o(.ARM.exidx.text.ADC0Init) refers to adc.o(.text.ADC0Init) for [Anonymous Symbol]
    adc.o(.ARM.exidx.text.ADC0Read) refers to adc.o(.text.ADC0Read) for [Anonymous Symbol]
    lcd.o(.ARM.exidx.text.delayMs) refers to lcd.o(.text.delayMs) for [Anonymous Symbol]
    lcd.o(.ARM.exidx.text.delayUs) refers to lcd.o(.text.delayUs) for [Anonymous Symbol]
    lcd.o(.text.LCD_Cmd) refers to dio.o(.text.DIO_WritePin) for DIO_WritePin
    lcd.o(.text.LCD_Cmd) refers to lcd.o(.text.delayUs) for delayUs
    lcd.o(.ARM.exidx.text.LCD_Cmd) refers to lcd.o(.text.LCD_Cmd) for [Anonymous Symbol]
    lcd.o(.text.LCD_Clear) refers to lcd.o(.text.LCD_Cmd) for LCD_Cmd
    lcd.o(.ARM.exidx.text.LCD_Clear) refers to lcd.o(.text.LCD_Clear) for [Anonymous Symbol]
    lcd.o(.text.LCD_Init) refers to lcd.o(.text.delayMs) for delayMs
    lcd.o(.text.LCD_Init) refers to lcd.o(.text.LCD_Cmd) for LCD_Cmd
    lcd.o(.text.LCD_Init) refers to lcd.o(.text.delayUs) for delayUs
[...]
    !!!main                                  0x0000026c   Section        8  __main.o(!!!main)
    !!!scatter                               0x00000274   Section       52  __scatter.o(!!!scatter)
    !!handler_copy                           0x000002a8   Section       26  __scatter_copy.o(!!handler_copy)
    !!handler_zi                             0x000002c4   Section       28  __scatter_zi.o(!!handler_zi)
    .ARM.Collect$$libinit$$00000000          0x000002e0   Section        2  libinit.o(.ARM.Collect$$libinit$$00000000)
    .ARM.Collect$$libinit$$00000001          0x000002e2   Section        4  libinit2.o(.ARM.Collect$$libinit$$00000001)
    .ARM.Collect$$libinit$$00000004          0x000002e6   Section        0  libinit2.o(.ARM.Collect$$libinit$$00000004)
    .ARM.Collect$$libinit$$0000000A          0x000002e6   Section        0  libinit2.o(.ARM.Collect$$libinit$$0000000A)
    .ARM.Collect$$libinit$$0000000C          0x000002e6   Section        0  libinit2.o(.ARM.Collect$$libinit$$0000000C)
    .ARM.Collect$$libinit$$0000000E          0x000002e6   Section        0  libinit2.o(.ARM.Collect$$libinit$$0000000E)
    .ARM.Collect$$libinit$$00000011          0x000002e6   Section        0  libinit2.o(.ARM.Collect$$libinit$$00000011)
    .ARM.Collect$$libinit$$00000013          0x000002e6   Section        0  libinit2.o(.ARM.Collect$$libinit$$00000013)
    .ARM.Collect$$libinit$$00000015          0x000002e6   Section        0  libinit2.o(.ARM.Collect$$libinit$$00000015)
    .ARM.Collect$$libinit$$00000017          0x000002e6   Section        0  libinit2.o(.ARM.Collect$$libinit$$00000017)
    .ARM.Collect$$libinit$$00000019          0x000002e6   Section        0  libinit2.o(.ARM.Collect$$libinit$$00000019)
    .ARM.Collect$$libinit$$0000001B          0x000002e6   Section        0  libinit2.o(.ARM.Collect$$libinit$$0000001B)
    .ARM.Collect$$libinit$$0000001D          0x000002e6   Section        0  libinit2.o(.ARM.Collect$$libinit$$0000001D)
    .ARM.Collect$$libinit$$0000001F          0x000002e6   Section        0  libinit2.o(.ARM.Collect$$libinit$$0000001F)
    .ARM.Collect$$libinit$$00000021          0x000002e6   Section        0  libinit2.o(.ARM.Collect$$libinit$$00000021)
    .ARM.Collect$$libinit$$00000023          0x000002e6   Section        0  libinit2.o(.ARM.Collect$$libinit$$00000023)
    .ARM.Collect$$libinit$$00000025          0x000002e6   Section        0  libinit2.o(.ARM.Collect$$libinit$$00000025)
    .ARM.Collect$$libinit$$0000002C          0x000002e6   Section        0  libinit2.o(.ARM.Collect$$libinit$$0000002C)
    .ARM.Collect$$libinit$$0000002E          0x000002e6   Section        0  libinit2.o(.ARM.Collect$$libinit$$0000002E)
    .ARM.Collect$$libinit$$00000030          0x000002e6   Section        0  libinit2.o(.ARM.Collect$$libinit$$00000030)
    .ARM.Collect$$libinit$$00000032          0x000002e6   Section        0  libinit2.o(.ARM.Collect$$libinit$$00000032)
    .ARM.Collect$$libinit$$00000033          0x000002e6   Section        2  libinit2.o(.ARM.Collect$$libinit$$00000033)
    .ARM.Collect$$libshutdown$$00000000      0x000002e8   Section        2  libshutdown.o(.ARM.Collect$$libshutdown$$00000000)
    .ARM.Collect$$libshutdown$$00000002      0x000002ea   Section        0  libshutdown2.o(.ARM.Collect$$libshutdown$$00000002)
    .ARM.Collect$$libshutdown$$00000004      0x000002ea   Section        0  libshutdown2.o(.ARM.Collect$$libshutdown$$00000004)
    .ARM.Collect$$libshutdown$$00000007      0x000002ea   Section        0  libshutdown2.o(.ARM.Collect$$libshutdown$$00000007)
    .ARM.Collect$$libshutdown$$0000000A      0x000002ea   Section        0  libshutdown2.o(.ARM.Collect$$libshutdown$$0000000A)
    .ARM.Collect$$libshutdown$$0000000C      0x000002ea   Section        0  libshutdown2.o(.ARM.Collect$$libshutdown$$0000000C)
    .ARM.Collect$$libshutdown$$0000000F      0x000002ea   Section        0  libshutdown2.o(.ARM.Collect$$libshutdown$$0000000F)
    .ARM.Collect$$libshutdown$$00000010      0x000002ea   Section        2  libshutdown2.o(.ARM.Collect$$libshutdown$$00000010)
    .ARM.Collect$$rtentry$$00000000          0x000002ec   Section        0  __rtentry.o(.ARM.Collect$$rtentry$$00000000)
    .ARM.Collect$$rtentry$$00000002          0x000002ec   Section        0  __rtentry2.o(.ARM.Collect$$rtentry$$00000002)
    .ARM.Collect$$rtentry$$00000004          0x000002ec   Section        6  __rtentry4.o(.ARM.Collect$$rtentry$$00000004)
    .ARM.Collect$$rtentry$$00000009          0x000002f2   Section        0  __rtentry2.o(.ARM.Collect$$rtentry$$00000009)
    .ARM.Collect$$rtentry$$0000000A          0x000002f2   Section        4  __rtentry2.o(.ARM.Collect$$rtentry$$0000000A)
    .ARM.Collect$$rtentry$$0000000C          0x000002f6   Section        0  __rtentry2.o(.ARM.Collect$$rtentry$$0000000C)
    .ARM.Collect$$rtentry$$0000000D          0x000002f6   Section        8  __rtentry2.o(.ARM.Collect$$rtentry$$0000000D)
    .ARM.Collect$$rtexit$$00000000           0x000002fe   Section        2  rtexit.o(.ARM.Collect$$rtexit$$00000000)
    .ARM.Collect$$rtexit$$00000002           0x00000300   Section        0  rtexit2.o(.ARM.Collect$$rtexit$$00000002)
    .ARM.Collect$$rtexit$$00000003           0x00000300   Section        4  rtexit2.o(.ARM.Collect$$rtexit$$00000003)
    .ARM.Collect$$rtexit$$00000004           0x00000304   Section        6  rtexit2.o(.ARM.Collect$$rtexit$$00000004)
    $v0                                      0x0000030c   Number         0  startup_tm4c123.o(.text)
    .text                                    0x0000030c   Section      276  startup_tm4c123.o(.text)
    .text                                    0x00000420   Section      138  rt_memcpy_v6.o(.text)
    .text                                    0x000004aa   Section       16  aeabi_memset4.o(.text)
    .text                                    0x000004ba   Section        0  heapauxi.o(.text)
    .text                                    0x000004c0   Section      100  rt_memcpy_w.o(.text)
    .text                                    0x00000524   Section       78  rt_memclr_w.o(.text)
    .text                                    0x00000572   Section       74  sys_stackheap_outer.o(.text)
    .text                                    0x000005bc   Section        0  exit.o(.text)
    .text                                    0x000005d0   Section        8  libspace.o(.text)
    .text                                    0x000005d8   Section        0  sys_exit.o(.text)
    .text                                    0x000005e4   Section        2  use_no_semi.o(.text)
    .text                                    0x000005e6   Section        0  indicate_semi.o(.text)
    [Anonymous Symbol]                       0x000005e8   Section        0  adc.o(.text.ADC0Init)
    [Anonymous Symbol]                       0x000006a0   Section        0  adc.o(.text.ADC0Read)
    [Anonymous Symbol]                       0x000006e0   Section        0  dio.o(.text.DIO_Init)
    [Anonymous Symbol]                       0x00000cfc   Section        0  dio.o(.text.DIO_WritePin)
    [Anonymous Symbol]                       0x00000ebc   Section        0  lcd.o(.text.LCD_Char)
    [Anonymous Symbol]                       0x00000f0c   Section        0  lcd.o(.text.LCD_Cmd)
    [Anonymous Symbol]                       0x00000f50   Section        0  lcd.o(.text.LCD_GoToString)
    [Anonymous Symbol]                       0x00000fb4   Section        0  lcd.o(.text.LCD_Init)
    [Anonymous Symbol]                       0x00001070   Section        0  lcd.o(.text.LCD_String)
    [Anonymous Symbol]                       0x000010a8   Section        0  lcd.o(.text.LCD_Write_Int)
    [Anonymous Symbol]                       0x00001130   Section        0  port.o(.text.PendSV_Handler)
    pxCurrentTCBConst                        0x00001190   Number         0  port.o(.text.PendSV_Handler)
    [Anonymous Symbol]                       0x000011a0   Section        0  port.o(.text.SVC_Handler)
    pxCurrentTCBConst2                       0x000011c0   Number         0  port.o(.text.SVC_Handler)
    [Anonymous Symbol]                       0x000011c4   Section        0  port.o(.text.SysTick_Handler)
    [Anonymous Symbol]                       0x00001200   Section        0  system_tm4c123.o(.text.SystemInit)
    [Anonymous Symbol]                       0x00001214   Section        0  uart.o(.text.UARTReceive)
    [Anonymous Symbol]                       0x00001244   Section        0  uart.o(.text.UARTReceive2Digits)
    [Anonymous Symbol]                       0x00001290   Section        0  uart.o(.text.UARTSend)
    [Anonymous Symbol]                       0x000012c0   Section        0  uart.o(.text.UARTSendString)
    [Anonymous Symbol]                       0x000012f8   Section        0  uart.o(.text.UART_init)
    [Anonymous Symbol]                       0x00001390   Section        0  lcd.o(.text.delayMs)
    [Anonymous Symbol]                       0x000013d0   Section        0  lcd.o(.text.delayUs)
    [Anonymous Symbol]                       0x0000140c   Section        0  tasks.o(.text.eTaskConfirmSleepModeStatus)
    [Anonymous Symbol]                       0x0000148c   Section        0  main.o(.text.lcdTask)
    [Anonymous Symbol]                       0x0000151c   Section        0  main.o(.text.main)
    [Anonymous Symbol]                       0x00001610   Section        0  main.o(.text.mainTask)
    prvAddCurrentTaskToDelayedList           0x000016e9   Thumb Code   290  tasks.o(.text.prvAddCurrentTaskToDelayedList)
    [Anonymous Symbol]                       0x000016e8   Section        0  tasks.o(.text.prvAddCurrentTaskToDelayedList)
    prvAddNewTaskToReadyList                 0x0000180d   Thumb Code   340  tasks.o(.text.prvAddNewTaskToReadyList)
    [Anonymous Symbol]                       0x0000180c   Section        0  tasks.o(.text.prvAddNewTaskToReadyList)
    prvCheckForValidListAndQueue             0x00001961   Thumb Code   106  timers.o(.text.prvCheckForValidListAndQueue)
    [Anonymous Symbol]                       0x00001960   Section        0  timers.o(.text.prvCheckForValidListAndQueue)
    prvCheckTasksWaitingTermination          0x000019cd   Thumb Code    90  tasks.o(.text.prvCheckTasksWaitingTermination)
    [Anonymous Symbol]                       0x000019cc   Section        0  tasks.o(.text.prvCheckTasksWaitingTermination)
    prvCopyDataFromQueue                     0x00001a29   Thumb Code    66  queue.o(.text.prvCopyDataFromQueue)
    [Anonymous Symbol]                       0x00001a28   Section        0  queue.o(.text.prvCopyDataFromQueue)
    prvCopyDataToQueue                       0x00001a6d   Thumb Code   204  queue.o(.text.prvCopyDataToQueue)
    [Anonymous Symbol]                       0x00001a6c   Section        0  queue.o(.text.prvCopyDataToQueue)
    prvDeleteTCB                             0x00001b39   Thumb Code    24  tasks.o(.text.prvDeleteTCB)
    [Anonymous Symbol]                       0x00001b38   Section        0  tasks.o(.text.prvDeleteTCB)
    prvGetExpectedIdleTime                   0x00001b51   Thumb Code   124  tasks.o(.text.prvGetExpectedIdleTime)
    [Anonymous Symbol]                       0x00001b50   Section        0  tasks.o(.text.prvGetExpectedIdleTime)
    prvGetNextExpireTime                     0x00001bcd   Thumb Code    64  timers.o(.text.prvGetNextExpireTime)
    [Anonymous Symbol]                       0x00001bcc   Section        0  timers.o(.text.prvGetNextExpireTime)
    prvIdleTask                              0x00001c0d   Thumb Code   154  tasks.o(.text.prvIdleTask)
    [Anonymous Symbol]                       0x00001c0c   Section        0  tasks.o(.text.prvIdleTask)
    prvInitialiseNewQueue                    0x00001ca9   Thumb Code    78  queue.o(.text.prvInitialiseNewQueue)
    [Anonymous Symbol]                       0x00001ca8   Section        0  queue.o(.text.prvInitialiseNewQueue)
    prvInitialiseNewTask                     0x00001cf9   Thumb Code   326  tasks.o(.text.prvInitialiseNewTask)
    [Anonymous Symbol]                       0x00001cf8   Section        0  tasks.o(.text.prvInitialiseNewTask)
    prvInitialiseTaskLists                   0x00001e41   Thumb Code   142  tasks.o(.text.prvInitialiseTaskLists)
    [Anonymous Symbol]                       0x00001e40   Section        0  tasks.o(.text.prvInitialiseTaskLists)
    prvInsertTimerInActiveList               0x00001ed1   Thumb Code   134  timers.o(.text.prvInsertTimerInActiveList)
    [Anonymous Symbol]                       0x00001ed0   Section        0  timers.o(.text.prvInsertTimerInActiveList)
    prvIsQueueEmpty                          0x00001f59   Thumb Code    40  queue.o(.text.prvIsQueueEmpty)
    [Anonymous Symbol]                       0x00001f58   Section        0  queue.o(.text.prvIsQueueEmpty)
    prvIsQueueFull                           0x00001f81   Thumb Code    46  queue.o(.text.prvIsQueueFull)
    [Anonymous Symbol]                       0x00001f80   Section        0  queue.o(.text.prvIsQueueFull)
    prvNotifyQueueSetContainer               0x00001fb1   Thumb Code   216  queue.o(.text.prvNotifyQueueSetContainer)
    [Anonymous Symbol]                       0x00001fb0   Section        0  queue.o(.text.prvNotifyQueueSetContainer)
    prvPortStartFirstTask                    0x00002089   Thumb Code    40  port.o(.text.prvPortStartFirstTask)
    [Anonymous Symbol]                       0x00002088   Section        0  port.o(.text.prvPortStartFirstTask)
    prvProcessExpiredTimer                   0x000020b1   Thumb Code    84  timers.o(.text.prvProcessExpiredTimer)
    [Anonymous Symbol]                       0x000020b0   Section        0  timers.o(.text.prvProcessExpiredTimer)
    prvProcessReceivedCommands               0x00002105   Thumb Code   384  timers.o(.text.prvProcessReceivedCommands)
    [Anonymous Symbol]                       0x00002104   Section        0  timers.o(.text.prvProcessReceivedCommands)
    prvProcessTimerOrBlockTask               0x00002285   Thumb Code   154  timers.o(.text.prvProcessTimerOrBlockTask)
    [Anonymous Symbol]                       0x00002284   Section        0  timers.o(.text.prvProcessTimerOrBlockTask)
    prvReloadTimer                           0x00002321   Thumb Code    52  timers.o(.text.prvReloadTimer)
    [Anonymous Symbol]                       0x00002320   Section        0  timers.o(.text.prvReloadTimer)
    prvResetNextTaskUnblockTime              0x00002355   Thumb Code    60  tasks.o(.text.prvResetNextTaskUnblockTime)
    [Anonymous Symbol]                       0x00002354   Section        0  tasks.o(.text.prvResetNextTaskUnblockTime)
    prvSampleTimeNow                         0x00002391   Thumb Code    68  timers.o(.text.prvSampleTimeNow)
    [Anonymous Symbol]                       0x00002390   Section        0  timers.o(.text.prvSampleTimeNow)
    prvSwitchTimerLists                      0x000023d5   Thumb Code    82  timers.o(.text.prvSwitchTimerLists)
    [Anonymous Symbol]                       0x000023d4   Section        0  timers.o(.text.prvSwitchTimerLists)
    prvTaskExitError                         0x00002429   Thumb Code    76  port.o(.text.prvTaskExitError)
    [Anonymous Symbol]                       0x00002428   Section        0  port.o(.text.prvTaskExitError)
    prvTimerTask                             0x00002475   Thumb Code    30  timers.o(.text.prvTimerTask)
    [Anonymous Symbol]                       0x00002474   Section        0  timers.o(.text.prvTimerTask)
    prvUnlockQueue                           0x00002495   Thumb Code   204  queue.o(.text.prvUnlockQueue)
    [Anonymous Symbol]                       0x00002494   Section        0  queue.o(.text.prvUnlockQueue)
    [Anonymous Symbol]                       0x00002560   Section        0  heap_1.o(.text.pvPortMalloc)
    [Anonymous Symbol]                       0x00002620   Section        0  port.o(.text.pxPortInitialiseStack)
    [Anonymous Symbol]                       0x00002680   Section        0  main.o(.text.uartTask)
    [Anonymous Symbol]                       0x000026b4   Section        0  list.o(.text.uxListRemove)
    [Anonymous Symbol]                       0x000026fc   Section        0  list.o(.text.vListInitialise)
    [Anonymous Symbol]                       0x0000272c   Section        0  list.o(.text.vListInitialiseItem)
    [Anonymous Symbol]                       0x0000273c   Section        0  list.o(.text.vListInsert)
    vPortEnableVFP                           0x000027a9   Thumb Code    20  port.o(.text.vPortEnableVFP)
    [Anonymous Symbol]                       0x000027a8   Section        0  port.o(.text.vPortEnableVFP)
    [Anonymous Symbol]                       0x000027bc   Section        0  port.o(.text.vPortEnterCritical)
    [Anonymous Symbol]                       0x00002814   Section        0  port.o(.text.vPortExitCritical)
    [Anonymous Symbol]                       0x00002860   Section        0  heap_1.o(.text.vPortFree)
    [Anonymous Symbol]                       0x00002884   Section        0  port.o(.text.vPortSetupTimerInterrupt)
    [Anonymous Symbol]                       0x000028fc   Section        0  port.o(.text.vPortSuppressTicksAndSleep)
    [Anonymous Symbol]                       0x00002b08   Section        0  queue.o(.text.vQueueWaitForMessageRestricted)
    [Anonymous Symbol]                       0x00002b6c   Section        0  tasks.o(.text.vTaskInternalSetTimeOutState)
    [Anonymous Symbol]                       0x00002b90   Section        0  tasks.o(.text.vTaskMissedYield)
    [Anonymous Symbol]                       0x00002ba0   Section        0  tasks.o(.text.vTaskPlaceOnEventList)
    [Anonymous Symbol]                       0x00002be4   Section        0  tasks.o(.text.vTaskPlaceOnEventListRestricted)
    [Anonymous Symbol]                       0x00002c60   Section        0  tasks.o(.text.vTaskStartScheduler)
    [Anonymous Symbol]                       0x00002d1c   Section        0  tasks.o(.text.vTaskStepTick)
    [Anonymous Symbol]                       0x00002d68   Section        0  tasks.o(.text.vTaskSuspendAll)
    __tagsym$$used.0                         0x00002d78   Number         0  tasks.o(.text.vTaskSwitchContext)
    [Anonymous Symbol]                       0x00002d78   Section        0  tasks.o(.text.vTaskSwitchContext)
    [Anonymous Symbol]                       0x00002e38   Section        0  port.o(.text.xPortStartScheduler)
    [Anonymous Symbol]                       0x00002f90   Section        0  queue.o(.text.xQueueGenericCreate)
    [Anonymous Symbol]                       0x0000302c   Section        0  queue.o(.text.xQueueGenericReset)
    [Anonymous Symbol]                       0x00003134   Section        0  queue.o(.text.xQueueGenericSend)
    [Anonymous Symbol]                       0x000033a8   Section        0  queue.o(.text.xQueueReceive)
    [Anonymous Symbol]                       0x00003584   Section        0  tasks.o(.text.xTaskCheckForTimeOut)
    [Anonymous Symbol]                       0x00003680   Section        0  tasks.o(.text.xTaskCreate)
    [Anonymous Symbol]                       0x00003718   Section        0  tasks.o(.text.xTaskGetSchedulerState)
    [Anonymous Symbol]                       0x00003750   Section        0  tasks.o(.text.xTaskGetTickCount)
    [Anonymous Symbol]                       0x00003764   Section        0  tasks.o(.text.xTaskIncrementTick)
    [Anonymous Symbol]                       0x000039c4   Section        0  tasks.o(.text.xTaskPriorityDisinherit)
    [Anonymous Symbol]                       0x00003afc   Section        0  tasks.o(.text.xTaskRemoveFromEventList)
    [Anonymous Symbol]                       0x00003c90   Section        0  tasks.o(.text.xTaskResumeAll)
    [Anonymous Symbol]                       0x00003eb4   Section        0  timers.o(.text.xTimerCreateTimerTask)
    $v0                                      0x00003f20   Number         0  d2f.o(x$fpl$d2f)
    x$fpl$d2f                                0x00003f20   Section       98  d2f.o(x$fpl$d2f)
    $v0                                      0x00003f84   Number         0  ddiv.o(x$fpl$ddiv)
    x$fpl$ddiv                               0x00003f84   Section      692  ddiv.o(x$fpl$ddiv)
    ddiv_entry                               0x00003f8b   Thumb Code     0  ddiv.o(x$fpl$ddiv)
    $v0                                      0x00004238   Number         0  dflt_clz.o(x$fpl$dflt)
    x$fpl$dflt                               0x00004238   Section       46  dflt_clz.o(x$fpl$dflt)
    $v0                                      0x00004268   Number         0  dmul.o(x$fpl$dmul)
    x$fpl$dmul                               0x00004268   Section      340  dmul.o(x$fpl$dmul)
    $v0                                      0x000043bc   Number         0  dnaninf.o(x$fpl$dnaninf)
    x$fpl$dnaninf                            0x000043bc   Section      156  dnaninf.o(x$fpl$dnaninf)
    $v0                                      0x00004458   Number         0  dretinf.o(x$fpl$dretinf)
    x$fpl$dretinf                            0x00004458   Section       12  dretinf.o(x$fpl$dretinf)
    $v0                                      0x00004464   Number         0  fpinit.o(x$fpl$fpinit)
    x$fpl$fpinit                             0x00004464   Section       26  fpinit.o(x$fpl$fpinit)
    $v0                                      0x0000447e   Number         0  fretinf.o(x$fpl$fretinf)
    x$fpl$fretinf                            0x0000447e   Section       10  fretinf.o(x$fpl$fretinf)
    x$fpl$usenofp                            0x00004488   Section        0  usenofp.o(x$fpl$usenofp)
    .L.str.3                                 0x000044e8   Data          21  main.o(.rodata.str1.1)
    [Anonymous Symbol]                       0x000044e8   Section        0  main.o(.rodata.str1.1)
    .L.str.5                                 0x000044fd   Data          10  main.o(.rodata.str1.1)
    .L.str.4                                 0x00004507   Data          10  main.o(.rodata.str1.1)
    .L.str.2                                 0x00004511   Data           4  main.o(.rodata.str1.1)
    .L.str                                   0x00004515   Data           5  main.o(.rodata.str1.1)
    .L.str.1                                 0x0000451a   Data           5  main.o(.rodata.str1.1)
    .L.str.6                                 0x0000451e   Data           1  main.o(.rodata.str1.1)
    .L.str                                   0x0000451f   Data           5  tasks.o(.rodata.str1.1)
    [Anonymous Symbol]                       0x0000451f   Section        0  tasks.o(.rodata.str1.1)
    .L.str                                   0x00004524   Data           8  timers.o(.rodata.str1.1)
    [Anonymous Symbol]                       0x00004524   Section        0  timers.o(.rodata.str1.1)
    uxCriticalNesting                        0x20000004   Data           4  port.o(.data.uxCriticalNesting)
    [Anonymous Symbol]                       0x20000004   Section        0  port.o(.data.uxCriticalNesting)
    .bss                                     0x20000008   Section       96  libspace.o(.bss)
    prvSampleTimeNow.xLastTime               0x20000070   Data           4  timers.o(.bss.prvSampleTimeNow.xLastTime)
    [Anonymous Symbol]                       0x20000070   Section        0  timers.o(.bss.prvSampleTimeNow.xLastTime)
    pvPortMalloc.pucAlignedHeap              0x20000074   Data           4  heap_1.o(.bss.pvPortMalloc.pucAlignedHeap)
    [Anonymous Symbol]                       0x20000074   Section        0  heap_1.o(.bss.pvPortMalloc.pucAlignedHeap)
    pxCurrentTimerList                       0x2000007c   Data           4  timers.o(.bss.pxCurrentTimerList)
    [Anonymous Symbol]                       0x2000007c   Section        0  timers.o(.bss.pxCurrentTimerList)
    pxDelayedTaskList                        0x20000080   Data           4  tasks.o(.bss.pxDelayedTaskList)
    [Anonymous Symbol]                       0x20000080   Section        0  tasks.o(.bss.pxDelayedTaskList)
    pxOverflowDelayedTaskList                0x20000084   Data           4  tasks.o(.bss.pxOverflowDelayedTaskList)
    [Anonymous Symbol]                       0x20000084   Section        0  tasks.o(.bss.pxOverflowDelayedTaskList)
    pxOverflowTimerList                      0x20000088   Data           4  timers.o(.bss.pxOverflowTimerList)
    [Anonymous Symbol]                       0x20000088   Section        0  timers.o(.bss.pxOverflowTimerList)
    pxReadyTasksLists                        0x2000008c   Data         100  tasks.o(.bss.pxReadyTasksLists)
    [Anonymous Symbol]                       0x2000008c   Section        0  tasks.o(.bss.pxReadyTasksLists)
    ucHeap                                   0x200000f4   Data        4096  heap_1.o(.bss.ucHeap)
    [Anonymous Symbol]                       0x200000f4   Section        0  heap_1.o(.bss.ucHeap)
    ucMaxSysCallPriority                     0x200010f4   Data           1  port.o(.bss.ucMaxSysCallPriority)
    [Anonymous Symbol]                       0x200010f4   Section        0  port.o(.bss.ucMaxSysCallPriority)
    ulMaxPRIGROUPValue                       0x200010f8   Data           4  port.o(.bss.ulMaxPRIGROUPValue)
    [Anonymous Symbol]                       0x200010f8   Section        0  port.o(.bss.ulMaxPRIGROUPValue)
    ulStoppedTimerCompensation               0x200010fc   Data           4  port.o(.bss.ulStoppedTimerCompensation)
    [Anonymous Symbol]                       0x200010fc   Section        0  port.o(.bss.ulStoppedTimerCompensation)
    ulTimerCountsForOneTick                  0x20001100   Data           4  port.o(.bss.ulTimerCountsForOneTick)
    [Anonymous Symbol]                       0x20001100   Section        0  port.o(.bss.ulTimerCountsForOneTick)
    uxCurrentNumberOfTasks                   0x20001104   Data           4  tasks.o(.bss.uxCurrentNumberOfTasks)
    [Anonymous Symbol]                       0x20001104   Section        0  tasks.o(.bss.uxCurrentNumberOfTasks)
    uxDeletedTasksWaitingCleanUp             0x20001108   Data           4  tasks.o(.bss.uxDeletedTasksWaitingCleanUp)
    [Anonymous Symbol]                       0x20001108   Section        0  tasks.o(.bss.uxDeletedTasksWaitingCleanUp)
    uxSchedulerSuspended                     0x2000110c   Data           4  tasks.o(.bss.uxSchedulerSuspended)
    [Anonymous Symbol]                       0x2000110c   Section        0  tasks.o(.bss.uxSchedulerSuspended)
    uxTaskNumber                             0x20001110   Data           4  tasks.o(.bss.uxTaskNumber)
    [Anonymous Symbol]                       0x20001110   Section        0  tasks.o(.bss.uxTaskNumber)
    uxTopReadyPriority                       0x20001114   Data           4  tasks.o(.bss.uxTopReadyPriority)
    [Anonymous Symbol]                       0x20001114   Section        0  tasks.o(.bss.uxTopReadyPriority)
    xActiveTimerList1                        0x20001118   Data          20  timers.o(.bss.xActiveTimerList1)
    [Anonymous Symbol]                       0x20001118   Section        0  timers.o(.bss.xActiveTimerList1)
    xActiveTimerList2                        0x2000112c   Data          20  timers.o(.bss.xActiveTimerList2)
    [Anonymous Symbol]                       0x2000112c   Section        0  timers.o(.bss.xActiveTimerList2)
    xDelayedTaskList1                        0x20001140   Data          20  tasks.o(.bss.xDelayedTaskList1)
    [Anonymous Symbol]                       0x20001140   Section        0  tasks.o(.bss.xDelayedTaskList1)
    xDelayedTaskList2                        0x20001154   Data          20  tasks.o(.bss.xDelayedTaskList2)
    [Anonymous Symbol]                       0x20001154   Section        0  tasks.o(.bss.xDelayedTaskList2)
    xIdleTaskHandle                          0x20001168   Data           4  tasks.o(.bss.xIdleTaskHandle)
    [Anonymous Symbol]                       0x20001168   Section        0  tasks.o(.bss.xIdleTaskHandle)
    xMaximumPossibleSuppressedTicks          0x2000116c   Data           4  port.o(.bss.xMaximumPossibleSuppressedTicks)
    [Anonymous Symbol]                       0x2000116c   Section        0  port.o(.bss.xMaximumPossibleSuppressedTicks)
    xNextFreeByte                            0x20001170   Data           4  heap_1.o(.bss.xNextFreeByte)
    [Anonymous Symbol]                       0x20001170   Section        0  heap_1.o(.bss.xNextFreeByte)
    xNextTaskUnblockTime                     0x20001174   Data           4  tasks.o(.bss.xNextTaskUnblockTime)
    [Anonymous Symbol]                       0x20001174   Section        0  tasks.o(.bss.xNextTaskUnblockTime)
    xNumOfOverflows                          0x20001178   Data           4  tasks.o(.bss.xNumOfOverflows)
    [Anonymous Symbol]                       0x20001178   Section        0  tasks.o(.bss.xNumOfOverflows)
    xPendedTicks                             0x2000117c   Data           4  tasks.o(.bss.xPendedTicks)
    [Anonymous Symbol]                       0x2000117c   Section        0  tasks.o(.bss.xPendedTicks)
    xPendingReadyList                        0x20001180   Data          20  tasks.o(.bss.xPendingReadyList)
    [Anonymous Symbol]                       0x20001180   Section        0  tasks.o(.bss.xPendingReadyList)
    xSchedulerRunning                        0x20001194   Data           4  tasks.o(.bss.xSchedulerRunning)
    [Anonymous Symbol]                       0x20001194   Section        0  tasks.o(.bss.xSchedulerRunning)
    xSuspendedTaskList                       0x20001198   Data          20  tasks.o(.bss.xSuspendedTaskList)
    [Anonymous Symbol]                       0x20001198   Section        0  tasks.o(.bss.xSuspendedTaskList)
    xTasksWaitingTermination                 0x200011ac   Data          20  tasks.o(.bss.xTasksWaitingTermination)
    [Anonymous Symbol]                       0x200011ac   Section        0  tasks.o(.bss.xTasksWaitingTermination)
    xTickCount                               0x200011c0   Data           4  tasks.o(.bss.xTickCount)
    [Anonymous Symbol]                       0x200011c0   Section        0  tasks.o(.bss.xTickCount)
    xTimerQueue                              0x200011c4   Data           4  timers.o(.bss.xTimerQueue)
    [Anonymous Symbol]                       0x200011c4   Section        0  timers.o(.bss.xTimerQueue)
    xTimerTaskHandle                         0x200011c8   Data           4  timers.o(.bss.xTimerTaskHandle)
    [Anonymous Symbol]                       0x200011c8   Section        0  timers.o(.bss.xTimerTaskHandle)
    xYieldPending                            0x200011cc   Data           4  tasks.o(.bss.xYieldPending)
    [Anonymous Symbol]                       0x200011cc   Section        0  tasks.o(.bss.xYieldPending)
    Heap_Mem                                 0x200011d0   Data           0  startup_tm4c123.o(HEAP)
    Stack_Mem                                0x200011d0   Data         512  startup_tm4c123.o(STACK)
    HEAP                                     0x200011d0   Section        0  startup_tm4c123.o(HEAP)
    STACK                                    0x200011d0   Section      512  startup_tm4c123.o(STACK)
    __initial_sp                             0x200013d0   Data           0  startup_tm4c123.o(STACK)

    Global Symbols

    Symbol Name                              Value     Ov Type        Size  Object(Section)

    BuildAttributes$$THM_ISAv4$E$P$D$K$B$S$7EM$VFPi3$EXTD16$VFPS$VFMA$PE$A:L22UL41UL21$X:L11$S22US41US21$IEEE1$IW$~IW$USESV6$~STKCKD$USESV7$~SHL$OSPACE$ROPI$EBA8$UX$STANDARDLIB$REQ8$PRES8$EABIv2 0x00000000   Number         0  anon$$obj.o ABSOLUTE
    __Vectors                                0x00000000   Data           4  startup_tm4c123.o(RESET)
    __ARM_exceptions_init                     - Undefined Weak Reference
    __alloca_initialize                       - Undefined Weak Reference
    __arm_preinit_                            - Undefined Weak Reference
    __cpp_initialize__aeabi_                  - Undefined Weak Reference
    __cxa_finalize                            - Undefined Weak Reference
    __rt_locale                               - Undefined Weak Reference
    __sigvec_lookup                           - Undefined Weak Reference
    _atexit_init                              - Undefined Weak Reference
    _call_atexit_fns                          - Undefined Weak Reference
    _clock_init                               - Undefined Weak Reference
    _fp_trap_init                             - Undefined Weak Reference
    _fp_trap_shutdown                         - Undefined Weak Reference
    _get_lc_collate                           - Undefined Weak Reference
    _get_lc_ctype                             - Undefined Weak Reference
    _get_lc_monetary                          - Undefined Weak Reference
    _get_lc_numeric                           - Undefined Weak Reference
    _get_lc_time                              - Undefined Weak Reference
    _getenv_init                              - Undefined Weak Reference
    _handle_redirection                       - Undefined Weak Reference
    _init_alloc                               - Undefined Weak Reference
    _init_user_alloc                          - Undefined Weak Reference
    _initio                                   - Undefined Weak Reference
    _rand_init                                - Undefined Weak Reference
    _signal_finish                            - Undefined Weak Reference
    _signal_init                              - Undefined Weak Reference
    _terminate_alloc                          - Undefined Weak Reference
    _terminate_user_alloc                     - Undefined Weak Reference
    _terminateio                              - Undefined Weak Reference
    __Vectors_End                            0x0000026c   Data           0  startup_tm4c123.o(RESET)
    __Vectors_Size                           0x0000026c   Number         0  startup_tm4c123.o ABSOLUTE
    __main                                   0x0000026d   Thumb Code     8  __main.o(!!!main)
    __scatterload                            0x00000275   Thumb Code     0  __scatter.o(!!!scatter)
    __scatterload_rt2                        0x00000275   Thumb Code    44  __scatter.o(!!!scatter)
    __scatterload_rt2_thumb_only             0x00000275   Thumb Code     0  __scatter.o(!!!scatter)
    __scatterload_null                       0x00000283   Thumb Code     0  __scatter.o(!!!scatter)
    __scatterload_copy                       0x000002a9   Thumb Code    26  __scatter_copy.o(!!handler_copy)
    __scatterload_zeroinit                   0x000002c5   Thumb Code    28  __scatter_zi.o(!!handler_zi)
    __rt_lib_init                            0x000002e1   Thumb Code     0  libinit.o(.ARM.Collect$$libinit$$00000000)
    __rt_lib_init_fp_1                       0x000002e3   Thumb Code     0  libinit2.o(.ARM.Collect$$libinit$$00000001)
    __rt_lib_init_alloca_1                   0x000002e7   Thumb Code     0  libinit2.o(.ARM.Collect$$libinit$$0000002E)
    __rt_lib_init_argv_1                     0x000002e7   Thumb Code     0  libinit2.o(.ARM.Collect$$libinit$$0000002C)
    __rt_lib_init_atexit_1                   0x000002e7   Thumb Code     0  libinit2.o(.ARM.Collect$$libinit$$0000001B)
    __rt_lib_init_clock_1                    0x000002e7   Thumb Code     0  libinit2.o(.ARM.Collect$$libinit$$00000021)
    __rt_lib_init_cpp_1                      0x000002e7   Thumb Code     0  libinit2.o(.ARM.Collect$$libinit$$00000032)
    __rt_lib_init_exceptions_1               0x000002e7   Thumb Code     0  libinit2.o(.ARM.Collect$$libinit$$00000030)
    __rt_lib_init_fp_trap_1                  0x000002e7   Thumb Code     0  libinit2.o(.ARM.Collect$$libinit$$0000001F)
    __rt_lib_init_getenv_1                   0x000002e7   Thumb Code     0  libinit2.o(.ARM.Collect$$libinit$$00000023)
    __rt_lib_init_heap_1                     0x000002e7   Thumb Code     0  libinit2.o(.ARM.Collect$$libinit$$0000000A)
    __rt_lib_init_lc_collate_1               0x000002e7   Thumb Code     0  libinit2.o(.ARM.Collect$$libinit$$00000011)
    __rt_lib_init_lc_ctype_1                 0x000002e7   Thumb Code     0  libinit2.o(.ARM.Collect$$libinit$$00000013)
    __rt_lib_init_lc_monetary_1              0x000002e7   Thumb Code     0  libinit2.o(.ARM.Collect$$libinit$$00000015)
    __rt_lib_init_lc_numeric_1               0x000002e7   Thumb Code     0  libinit2.o(.ARM.Collect$$libinit$$00000017)
    __rt_lib_init_lc_time_1                  0x000002e7   Thumb Code     0  libinit2.o(.ARM.Collect$$libinit$$00000019)
    __rt_lib_init_preinit_1                  0x000002e7   Thumb Code     0  libinit2.o(.ARM.Collect$$libinit$$00000004)
    __rt_lib_init_rand_1                     0x000002e7   Thumb Code     0  libinit2.o(.ARM.Collect$$libinit$$0000000E)
    __rt_lib_init_return                     0x000002e7   Thumb Code     0  libinit2.o(.ARM.Collect$$libinit$$00000033)
    __rt_lib_init_signal_1                   0x000002e7   Thumb Code     0  libinit2.o(.ARM.Collect$$libinit$$0000001D)
    __rt_lib_init_stdio_1                    0x000002e7   Thumb Code     0  libinit2.o(.ARM.Collect$$libinit$$00000025)
    __rt_lib_init_user_alloc_1               0x000002e7   Thumb Code     0  libinit2.o(.ARM.Collect$$libinit$$0000000C)
    __rt_lib_shutdown                        0x000002e9   Thumb Code     0  libshutdown.o(.ARM.Collect$$libshutdown$$00000000)
    __rt_lib_shutdown_cpp_1                  0x000002eb   Thumb Code     0  libshutdown2.o(.ARM.Collect$$libshutdown$$00000002)
    __rt_lib_shutdown_fp_trap_1              0x000002eb   Thumb Code     0  libshutdown2.o(.ARM.Collect$$libshutdown$$00000007)
    __rt_lib_shutdown_heap_1                 0x000002eb   Thumb Code     0  libshutdown2.o(.ARM.Collect$$libshutdown$$0000000F)
    __rt_lib_shutdown_return                 0x000002eb   Thumb Code     0  libshutdown2.o(.ARM.Collect$$libshutdown$$00000010)
    __rt_lib_shutdown_signal_1               0x000002eb   Thumb Code     0  libshutdown2.o(.ARM.Collect$$libshutdown$$0000000A)
    __rt_lib_shutdown_stdio_1                0x000002eb   Thumb Code     0  libshutdown2.o(.ARM.Collect$$libshutdown$$00000004)
    __rt_lib_shutdown_user_alloc_1           0x000002eb   Thumb Code     0  libshutdown2.o(.ARM.Collect$$libshutdown$$0000000C)
    __rt_entry                               0x000002ed   Thumb Code     0  __rtentry.o(.ARM.Collect$$rtentry$$00000000)
    __rt_entry_presh_1                       0x000002ed   Thumb Code     0  __rtentry2.o(.ARM.Collect$$rtentry$$00000002)
    __rt_entry_sh                            0x000002ed   Thumb Code     0  __rtentry4.o(.ARM.Collect$$rtentry$$00000004)
    __rt_entry_li                            0x000002f3   Thumb Code     0  __rtentry2.o(.ARM.Collect$$rtentry$$0000000A)
    __rt_entry_postsh_1                      0x000002f3   Thumb Code     0  __rtentry2.o(.ARM.Collect$$rtentry$$00000009)
    __rt_entry_main                          0x000002f7   Thumb Code     0  __rtentry2.o(.ARM.Collect$$rtentry$$0000000D)
    __rt_entry_postli_1                      0x000002f7   Thumb Code     0  __rtentry2.o(.ARM.Collect$$rtentry$$0000000C)
    __rt_exit                                0x000002ff   Thumb Code     0  rtexit.o(.ARM.Collect$$rtexit$$00000000)
    __rt_exit_ls                             0x00000301   Thumb Code     0  rtexit2.o(.ARM.Collect$$rtexit$$00000003)
    __rt_exit_prels_1                        0x00000301   Thumb Code     0  rtexit2.o(.ARM.Collect$$rtexit$$00000002)
    __rt_exit_exit                           0x00000305   Thumb Code     0  rtexit2.o(.ARM.Collect$$rtexit$$00000004)
    Reset_Handler                            0x0000030d   Thumb Code     8  startup_tm4c123.o(.text)
    NMI_Handler                              0x00000315   Thumb Code     2  startup_tm4c123.o(.text)
    HardFault_Handler                        0x00000317   Thumb Code     2  startup_tm4c123.o(.text)
    MemManage_Handler                        0x00000319   Thumb Code     2  startup_tm4c123.o(.text)
    BusFault_Handler                         0x0000031b   Thumb Code     2  startup_tm4c123.o(.text)
    UsageFault_Handler                       0x0000031d   Thumb Code     2  startup_tm4c123.o(.text)
    DebugMon_Handler                         0x00000321   Thumb Code     2  startup_tm4c123.o(.text)
    GPIOA_Handler                            0x00000327   Thumb Code     2  startup_tm4c123.o(.text)
    GPIOB_Handler                            0x00000329   Thumb Code     2  startup_tm4c123.o(.text)
    GPIOC_Handler                            0x0000032b   Thumb Code     2  startup_tm4c123.o(.text)
    GPIOD_Handler                            0x0000032d   Thumb Code     2  startup_tm4c123.o(.text)
    GPIOE_Handler                            0x0000032f   Thumb Code     2  startup_tm4c123.o(.text)
    UART0_Handler                            0x00000331   Thumb Code     2  startup_tm4c123.o(.text)
    UART1_Handler                            0x00000333   Thumb Code     2  startup_tm4c123.o(.text)
    SSI0_Handler                             0x00000335   Thumb Code     2  startup_tm4c123.o(.text)
    I2C0_Handler                             0x00000337   Thumb Code     2  startup_tm4c123.o(.text)
    PMW0_FAULT_Handler                       0x00000339   Thumb Code     2  startup_tm4c123.o(.text)
    PWM0_0_Handler                           0x0000033b   Thumb Code     2  startup_tm4c123.o(.text)
    PWM0_1_Handler                           0x0000033d   Thumb Code     2  startup_tm4c123.o(.text)
    PWM0_2_Handler                           0x0000033f   Thumb Code     2  startup_tm4c123.o(.text)
    QEI0_Handler                             0x00000341   Thumb Code     2  startup_tm4c123.o(.text)
    ADC0SS0_Handler                          0x00000343   Thumb Code     2  startup_tm4c123.o(.text)
    ADC0SS1_Handler                          0x00000345   Thumb Code     2  startup_tm4c123.o(.text)
    ADC0SS2_Handler                          0x00000347   Thumb Code     2  startup_tm4c123.o(.text)
    ADC0SS3_Handler                          0x00000349   Thumb Code     2  startup_tm4c123.o(.text)
    WDT0_Handler                             0x0000034b   Thumb Code     2  startup_tm4c123.o(.text)
    TIMER0A_Handler                          0x0000034d   Thumb Code     2  startup_tm4c123.o(.text)
    TIMER0B_Handler                          0x0000034f   Thumb Code     2  startup_tm4c123.o(.text)
    TIMER1A_Handler                          0x00000351   Thumb Code     2  startup_tm4c123.o(.text)
    TIMER1B_Handler                          0x00000353   Thumb Code     2  startup_tm4c123.o(.text)
    TIMER2A_Handler                          0x00000355   Thumb Code     2  startup_tm4c123.o(.text)
    TIMER2B_Handler                          0x00000357   Thumb Code     2  startup_tm4c123.o(.text)
    COMP0_Handler                            0x00000359   Thumb Code     2  startup_tm4c123.o(.text)
    COMP1_Handler                            0x0000035b   Thumb Code     2  startup_tm4c123.o(.text)
    COMP2_Handler                            0x0000035d   Thumb Code     2  startup_tm4c123.o(.text)
    SYSCTL_Handler                           0x0000035f   Thumb Code     2  startup_tm4c123.o(.text)
    FLASH_Handler                            0x00000361   Thumb Code     2  startup_tm4c123.o(.text)
    GPIOF_Handler                            0x00000363   Thumb Code     2  startup_tm4c123.o(.text)
    GPIOG_Handler                            0x00000365   Thumb Code     2  startup_tm4c123.o(.text)
    GPIOH_Handler                            0x00000367   Thumb Code     2  startup_tm4c123.o(.text)
    UART2_Handler                            0x00000369   Thumb Code     2  startup_tm4c123.o(.text)
    SSI1_Handler                             0x0000036b   Thumb Code     2  startup_tm4c123.o(.text)
    TIMER3A_Handler                          0x0000036d   Thumb Code     2  startup_tm4c123.o(.text)
    TIMER3B_Handler                          0x0000036f   Thumb Code     2  startup_tm4c123.o(.text)
    I2C1_Handler                             0x00000371   Thumb Code     2  startup_tm4c123.o(.text)
    QEI1_Handler                             0x00000373   Thumb Code     2  startup_tm4c123.o(.text)
    CAN0_Handler                             0x00000375   Thumb Code     2  startup_tm4c123.o(.text)
    CAN1_Handler                             0x00000377   Thumb Code     2  startup_tm4c123.o(.text)
    CAN2_Handler                             0x00000379   Thumb Code     2  startup_tm4c123.o(.text)
    HIB_Handler                              0x0000037b   Thumb Code     2  startup_tm4c123.o(.text)
    USB0_Handler                             0x0000037d   Thumb Code     2  startup_tm4c123.o(.text)
    PWM0_3_Handler                           0x0000037f   Thumb Code     2  startup_tm4c123.o(.text)
    UDMA_Handler                             0x00000381   Thumb Code     2  startup_tm4c123.o(.text)
    UDMAERR_Handler                          0x00000383   Thumb Code     2  startup_tm4c123.o(.text)
    ADC1SS0_Handler                          0x00000385   Thumb Code     2  startup_tm4c123.o(.text)
    ADC1SS1_Handler                          0x00000387   Thumb Code     2  startup_tm4c123.o(.text)
    ADC1SS2_Handler                          0x00000389   Thumb Code     2  startup_tm4c123.o(.text)
    ADC1SS3_Handler                          0x0000038b   Thumb Code     2  startup_tm4c123.o(.text)
    GPIOJ_Handler                            0x0000038d   Thumb Code     2  startup_tm4c123.o(.text)
    GPIOK_Handler                            0x0000038f   Thumb Code     2  startup_tm4c123.o(.text)
    GPIOL_Handler                            0x00000391   Thumb Code     2  startup_tm4c123.o(.text)
    SSI2_Handler                             0x00000393   Thumb Code     2  startup_tm4c123.o(.text)
    SSI3_Handler                             0x00000395   Thumb Code     2  startup_tm4c123.o(.text)
    UART3_Handler                            0x00000397   Thumb Code     2  startup_tm4c123.o(.text)
    UART4_Handler                            0x00000399   Thumb Code     2  startup_tm4c123.o(.text)
    UART5_Handler                            0x0000039b   Thumb Code     2  startup_tm4c123.o(.text)
    UART6_Handler                            0x0000039d   Thumb Code     2  startup_tm4c123.o(.text)
    UART7_Handler                            0x0000039f   Thumb Code     2  startup_tm4c123.o(.text)
    I2C2_Handler                             0x000003a1   Thumb Code     2  startup_tm4c123.o(.text)
    I2C3_Handler                             0x000003a3   Thumb Code     2  startup_tm4c123.o(.text)
    TIMER4A_Handler                          0x000003a5   Thumb Code     2  startup_tm4c123.o(.text)
    TIMER4B_Handler                          0x000003a7   Thumb Code     2  startup_tm4c123.o(.text)
    TIMER5A_Handler                          0x000003a9   Thumb Code     2  startup_tm4c123.o(.text)
    TIMER5B_Handler                          0x000003ab   Thumb Code     2  startup_tm4c123.o(.text)
    WTIMER0A_Handler                         0x000003ad   Thumb Code     2  startup_tm4c123.o(.text)
    WTIMER0B_Handler                         0x000003af   Thumb Code     2  startup_tm4c123.o(.text)
    WTIMER1A_Handler                         0x000003b1   Thumb Code     2  startup_tm4c123.o(.text)
    WTIMER1B_Handler                         0x000003b3   Thumb Code     2  startup_tm4c123.o(.text)
    WTIMER2A_Handler                         0x000003b5   Thumb Code     2  startup_tm4c123.o(.text)
    WTIMER2B_Handler                         0x000003b7   Thumb Code     2  startup_tm4c123.o(.text)
    WTIMER3A_Handler                         0x000003b9   Thumb Code     2  startup_tm4c123.o(.text)
    WTIMER3B_Handler                         0x000003bb   Thumb Code     2  startup_tm4c123.o(.text)
    WTIMER4A_Handler                         0x000003bd   Thumb Code     2  startup_tm4c123.o(.text)
    WTIMER4B_Handler                         0x000003bf   Thumb Code     2  startup_tm4c123.o(.text)
    WTIMER5A_Handler                         0x000003c1   Thumb Code     2  startup_tm4c123.o(.text)
    WTIMER5B_Handler                         0x000003c3   Thumb Code     2  startup_tm4c123.o(.text)
    FPU_Handler                              0x000003c5   Thumb Code     2  startup_tm4c123.o(.text)
    I2C4_Handler                             0x000003c7   Thumb Code     2  startup_tm4c123.o(.text)
    I2C5_Handler                             0x000003c9   Thumb Code     2  startup_tm4c123.o(.text)
    GPIOM_Handler                            0x000003cb   Thumb Code     2  startup_tm4c123.o(.text)
    GPION_Handler                            0x000003cd   Thumb Code     2  startup_tm4c123.o(.text)
    QEI2_Handler                             0x000003cf   Thumb Code     2  startup_tm4c123.o(.text)
    GPIOP0_Handler                           0x000003d1   Thumb Code     2  startup_tm4c123.o(.text)
    GPIOP1_Handler                           0x000003d3   Thumb Code     2  startup_tm4c123.o(.text)
    GPIOP2_Handler                           0x000003d5   Thumb Code     2  startup_tm4c123.o(.text)
    GPIOP3_Handler                           0x000003d7   Thumb Code     2  startup_tm4c123.o(.text)
    GPIOP4_Handler                           0x000003d9   Thumb Code     2  startup_tm4c123.o(.text)
    GPIOP5_Handler                           0x000003db   Thumb Code     2  startup_tm4c123.o(.text)
    GPIOP6_Handler                           0x000003dd   Thumb Code     2  startup_tm4c123.o(.text)
    GPIOP7_Handler                           0x000003df   Thumb Code     2  startup_tm4c123.o(.text)
    GPIOQ0_Handler                           0x000003e1   Thumb Code     2  startup_tm4c123.o(.text)
    GPIOQ1_Handler                           0x000003e3   Thumb Code     2  startup_tm4c123.o(.text)
    GPIOQ2_Handler                           0x000003e5   Thumb Code     2  startup_tm4c123.o(.text)
    GPIOQ3_Handler                           0x000003e7   Thumb Code     2  startup_tm4c123.o(.text)
    GPIOQ4_Handler                           0x000003e9   Thumb Code     2  startup_tm4c123.o(.text)
    GPIOQ5_Handler                           0x000003eb   Thumb Code     2  startup_tm4c123.o(.text)
    GPIOQ6_Handler                           0x000003ed   Thumb Code     2  startup_tm4c123.o(.text)
    GPIOQ7_Handler                           0x000003ef   Thumb Code     2  startup_tm4c123.o(.text)
    GPIOR_Handler                            0x000003f1   Thumb Code     2  startup_tm4c123.o(.text)
    GPIOS_Handler                            0x000003f3   Thumb Code     2  startup_tm4c123.o(.text)
    PMW1_0_Handler                           0x000003f5   Thumb Code     2  startup_tm4c123.o(.text)
    PWM1_1_Handler                           0x000003f7   Thumb Code     2  startup_tm4c123.o(.text)
    PWM1_2_Handler                           0x000003f9   Thumb Code     2  startup_tm4c123.o(.text)
    PWM1_3_Handler                           0x000003fb   Thumb Code     2  startup_tm4c123.o(.text)
    PWM1_FAULT_Handler                       0x000003fd   Thumb Code     2  startup_tm4c123.o(.text)
    __user_initial_stackheap                 0x00000401   Thumb Code     0  startup_tm4c123.o(.text)
    __aeabi_memcpy                           0x00000421   Thumb Code     0  rt_memcpy_v6.o(.text)
    __rt_memcpy                              0x00000421   Thumb Code   138  rt_memcpy_v6.o(.text)
    _memcpy_lastbytes                        0x00000487   Thumb Code     0  rt_memcpy_v6.o(.text)
    __aeabi_memset4                          0x000004ab   Thumb Code    16  aeabi_memset4.o(.text)
    __aeabi_memset8                          0x000004ab   Thumb Code     0  aeabi_memset4.o(.text)
    __use_two_region_memory                  0x000004bb   Thumb Code     2  heapauxi.o(.text)
    __rt_heap_escrow$2region                 0x000004bd   Thumb Code     2  heapauxi.o(.text)
    __rt_heap_expand$2region                 0x000004bf   Thumb Code     2  heapauxi.o(.text)
    __aeabi_memcpy4                          0x000004c1   Thumb Code     0  rt_memcpy_w.o(.text)
    __aeabi_memcpy8                          0x000004c1   Thumb Code     0  rt_memcpy_w.o(.text)
    __rt_memcpy_w                            0x000004c1   Thumb Code   100  rt_memcpy_w.o(.text)
    _memcpy_lastbytes_aligned                0x00000509   Thumb Code     0  rt_memcpy_w.o(.text)
    __aeabi_memclr4                          0x00000525   Thumb Code     0  rt_memclr_w.o(.text)
    __aeabi_memclr8                          0x00000525   Thumb Code     0  rt_memclr_w.o(.text)
    __rt_memclr_w                            0x00000525   Thumb Code     0  rt_memclr_w.o(.text)
    _memset_w                                0x00000529   Thumb Code    74  rt_memclr_w.o(.text)
    __user_setup_stackheap                   0x00000573   Thumb Code    74  sys_stackheap_outer.o(.text)
    exit                                     0x000005bd   Thumb Code    18  exit.o(.text)
    __user_libspace                          0x000005d1   Thumb Code     8  libspace.o(.text)
    __user_perproc_libspace                  0x000005d1   Thumb Code     0  libspace.o(.text)
    __user_perthread_libspace                0x000005d1   Thumb Code     0  libspace.o(.text)
    _sys_exit                                0x000005d9   Thumb Code     8  sys_exit.o(.text)
    __I$use$semihosting                      0x000005e5   Thumb Code     0  use_no_semi.o(.text)
    __use_no_semihosting_swi                 0x000005e5   Thumb Code     2  use_no_semi.o(.text)
    __semihosting_library_function           0x000005e7   Thumb Code     0  indicate_semi.o(.text)
    ADC0Init                                 0x000005e9   Thumb Code   182  adc.o(.text.ADC0Init)
    ADC0Read                                 0x000006a1   Thumb Code    62  adc.o(.text.ADC0Read)
    DIO_Init                                 0x000006e1   Thumb Code  1562  dio.o(.text.DIO_Init)
    DIO_WritePin                             0x00000cfd   Thumb Code   446  dio.o(.text.DIO_WritePin)
    LCD_Char                                 0x00000ebd   Thumb Code    78  lcd.o(.text.LCD_Char)
    LCD_Cmd                                  0x00000f0d   Thumb Code    68  lcd.o(.text.LCD_Cmd)
    LCD_GoToString                           0x00000f51   Thumb Code   100  lcd.o(.text.LCD_GoToString)
    LCD_Init                                 0x00000fb5   Thumb Code   188  lcd.o(.text.LCD_Init)
    LCD_String                               0x00001071   Thumb Code    54  lcd.o(.text.LCD_String)
    LCD_Write_Int                            0x000010a9   Thumb Code   132  lcd.o(.text.LCD_Write_Int)
    PendSV_Handler                           0x00001131   Thumb Code   100  port.o(.text.PendSV_Handler)
    SVC_Handler                              0x000011a1   Thumb Code    36  port.o(.text.SVC_Handler)
    SysTick_Handler                          0x000011c5   Thumb Code    60  port.o(.text.SysTick_Handler)
    SystemInit                               0x00001201   Thumb Code    18  system_tm4c123.o(.text.SystemInit)
    UARTReceive                              0x00001215   Thumb Code    46  uart.o(.text.UARTReceive)
    UARTReceive2Digits                       0x00001245   Thumb Code    74  uart.o(.text.UARTReceive2Digits)
    UARTSend                                 0x00001291   Thumb Code    46  uart.o(.text.UARTSend)
    UARTSendString                           0x000012c1   Thumb Code    54  uart.o(.text.UARTSendString)
    UART_init                                0x000012f9   Thumb Code   152  uart.o(.text.UART_init)
    delayMs                                  0x00001391   Thumb Code    62  lcd.o(.text.delayMs)
    delayUs                                  0x000013d1   Thumb Code    58  lcd.o(.text.delayUs)
    eTaskConfirmSleepModeStatus              0x0000140d   Thumb Code   128  tasks.o(.text.eTaskConfirmSleepModeStatus)
    lcdTask                                  0x0000148d   Thumb Code   144  main.o(.text.lcdTask)
    main                                     0x0000151d   Thumb Code   242  main.o(.text.main)
    mainTask                                 0x00001611   Thumb Code   216  main.o(.text.mainTask)
    pvPortMalloc                             0x00002561   Thumb Code   192  heap_1.o(.text.pvPortMalloc)
    pxPortInitialiseStack                    0x00002621   Thumb Code    94  port.o(.text.pxPortInitialiseStack)
    uartTask                                 0x00002681   Thumb Code    52  main.o(.text.uartTask)
    uxListRemove                             0x000026b5   Thumb Code    72  list.o(.text.uxListRemove)
    vListInitialise                          0x000026fd   Thumb Code    46  list.o(.text.vListInitialise)
    vListInitialiseItem                      0x0000272d   Thumb Code    14  list.o(.text.vListInitialiseItem)
    vListInsert                              0x0000273d   Thumb Code   106  list.o(.text.vListInsert)
    vPortEnterCritical                       0x000027bd   Thumb Code    86  port.o(.text.vPortEnterCritical)
    vPortExitCritical                        0x00002815   Thumb Code    74  port.o(.text.vPortExitCritical)
    vPortFree                                0x00002861   Thumb Code    36  heap_1.o(.text.vPortFree)
    vPortSetupTimerInterrupt                 0x00002885   Thumb Code   120  port.o(.text.vPortSetupTimerInterrupt)
    vPortSuppressTicksAndSleep               0x000028fd   Thumb Code   524  port.o(.text.vPortSuppressTicksAndSleep)
    vQueueWaitForMessageRestricted           0x00002b09   Thumb Code   100  queue.o(.text.vQueueWaitForMessageRestricted)
    vTaskInternalSetTimeOutState             0x00002b6d   Thumb Code    36  tasks.o(.text.vTaskInternalSetTimeOutState)
    vTaskMissedYield                         0x00002b91   Thumb Code    14  tasks.o(.text.vTaskMissedYield)
    vTaskPlaceOnEventList                    0x00002ba1   Thumb Code    66  tasks.o(.text.vTaskPlaceOnEventList)
    vTaskPlaceOnEventListRestricted          0x00002be5   Thumb Code   124  tasks.o(.text.vTaskPlaceOnEventListRestricted)
    vTaskStartScheduler                      0x00002c61   Thumb Code   186  tasks.o(.text.vTaskStartScheduler)
    vTaskStepTick                            0x00002d1d   Thumb Code    76  tasks.o(.text.vTaskStepTick)
    vTaskSuspendAll                          0x00002d69   Thumb Code    16  tasks.o(.text.vTaskSuspendAll)
    vTaskSwitchContext                       0x00002d79   Thumb Code   190  tasks.o(.text.vTaskSwitchContext)
    xPortStartScheduler                      0x00002e39   Thumb Code   342  port.o(.text.xPortStartScheduler)
    xQueueGenericCreate                      0x00002f91   Thumb Code   154  queue.o(.text.xQueueGenericCreate)
    xQueueGenericReset                       0x0000302d   Thumb Code   264  queue.o(.text.xQueueGenericReset)
    xQueueGenericSend                        0x00003135   Thumb Code   628  queue.o(.text.xQueueGenericSend)
    xQueueReceive                            0x000033a9   Thumb Code   476  queue.o(.text.xQueueReceive)
    xTaskCheckForTimeOut                     0x00003585   Thumb Code   252  tasks.o(.text.xTaskCheckForTimeOut)
    xTaskCreate                              0x00003681   Thumb Code   152  tasks.o(.text.xTaskCreate)
    xTaskGetSchedulerState                   0x00003719   Thumb Code    56  tasks.o(.text.xTaskGetSchedulerState)
    xTaskGetTickCount                        0x00003751   Thumb Code    20  tasks.o(.text.xTaskGetTickCount)
    xTaskIncrementTick                       0x00003765   Thumb Code   608  tasks.o(.text.xTaskIncrementTick)
    xTaskPriorityDisinherit                  0x000039c5   Thumb Code   312  tasks.o(.text.xTaskPriorityDisinherit)
    xTaskRemoveFromEventList                 0x00003afd   Thumb Code   402  tasks.o(.text.xTaskRemoveFromEventList)
    xTaskResumeAll                           0x00003c91   Thumb Code   546  tasks.o(.text.xTaskResumeAll)
    xTimerCreateTimerTask                    0x00003eb5   Thumb Code   108  timers.o(.text.xTimerCreateTimerTask)
    __aeabi_d2f                              0x00003f21   Thumb Code     0  d2f.o(x$fpl$d2f)
    _d2f                                     0x00003f21   Thumb Code    98  d2f.o(x$fpl$d2f)
    __aeabi_ddiv                             0x00003f85   Thumb Code     0  ddiv.o(x$fpl$ddiv)
    _ddiv                                    0x00003f85   Thumb Code   556  ddiv.o(x$fpl$ddiv)
    __aeabi_i2d                              0x00004239   Thumb Code     0  dflt_clz.o(x$fpl$dflt)
    _dflt                                    0x00004239   Thumb Code    46  dflt_clz.o(x$fpl$dflt)
    __aeabi_dmul                             0x00004269   Thumb Code     0  dmul.o(x$fpl$dmul)
    _dmul                                    0x00004269   Thumb Code   332  dmul.o(x$fpl$dmul)
    __fpl_dnaninf                            0x000043bd   Thumb Code   156  dnaninf.o(x$fpl$dnaninf)
    __fpl_dretinf                            0x00004459   Thumb Code    12  dretinf.o(x$fpl$dretinf)
    _fp_init                                 0x00004465   Thumb Code    26  fpinit.o(x$fpl$fpinit)
    __fplib_config_fpu_vfp                   0x0000447d   Thumb Code     0  fpinit.o(x$fpl$fpinit)
    __fplib_config_pureend_doubles           0x0000447d   Thumb Code     0  fpinit.o(x$fpl$fpinit)
    __fpl_fretinf                            0x0000447f   Thumb Code    10  fretinf.o(x$fpl$fretinf)
    __I$use$fp                               0x00004488   Number         0  usenofp.o(x$fpl$usenofp)
    pinCFG                                   0x00004488   Data          96  dio.o(.rodata.pinCFG)
    uxTopUsedPriority                        0x0000452c   Data           4  tasks.o(.rodata.uxTopUsedPriority)
    Region$$Table$$Base                      0x00004530   Number         0  anon$$obj.o(Region$$Table)
    Region$$Table$$Limit                     0x00004550   Number         0  anon$$obj.o(Region$$Table)
    SystemCoreClock                          0x20000000   Data           4  system_tm4c123.o(.data.SystemCoreClock)
    __libspace_start                         0x20000008   Data          96  libspace.o(.bss)
    LCDQueue                                 0x20000068   Data           4  main.o(.bss.LCDQueue)
    __temporary_stack_top$libspace           0x20000068   Data           0  libspace.o(.bss)
    UartQueue                                0x2000006c   Data           4  main.o(.bss.UartQueue)
    pxCurrentTCB                             0x20000078   Data           4  tasks.o(.bss.pxCurrentTCB)
    setpointQueue                            0x200000f0   Data           4  main.o(.bss.setpointQueue)



==============================================================================

Memory Map of the image

  Image Entry point : 0x0000030d

  Load Region LR_1 (Base: 0x00000000, Size: 0x00004558, Max: 0xffffffff, ABSOLUTE)

    Execution Region ER_RO (Exec base: 0x00000000, Load base: 0x00000000, Size: 0x00004550, Max: 0xffffffff, ABSOLUTE)

    Exec Addr    Load Addr    Size         Type   Attr      Idx    E Section Name        Object

    0x00000000   0x00000000   0x0000026c   Data   RO           96    RESET               startup_tm4c123.o
    0x0000026c   0x0000026c   0x00000008   Code   RO          528  * !!!main             c_w.l(__main.o)
    0x00000274   0x00000274   0x00000034   Code   RO          716    !!!scatter          c_w.l(__scatter.o)
    0x000002a8   0x000002a8   0x0000001a   Code   RO          718    !!handler_copy      c_w.l(__scatter_copy.o)
    0x000002c2   0x000002c2   0x00000002   PAD
    0x000002c4   0x000002c4   0x0000001c   Code   RO          720    !!handler_zi        c_w.l(__scatter_zi.o)
    0x000002e0   0x000002e0   0x00000002   Code   RO          580    .ARM.Collect$$libinit$$00000000  c_w.l(libinit.o)
    0x000002e2   0x000002e2   0x00000004   Code   RO          586    .ARM.Collect$$libinit$$00000001  c_w.l(libinit2.o)
    0x000002e6   0x000002e6   0x00000000   Code   RO          589    .ARM.Collect$$libinit$$00000004  c_w.l(libinit2.o)
    0x000002e6   0x000002e6   0x00000000   Code   RO          592    .ARM.Collect$$libinit$$0000000A  c_w.l(libinit2.o)
    0x000002e6   0x000002e6   0x00000000   Code   RO          594    .ARM.Collect$$libinit$$0000000C  c_w.l(libinit2.o)
    0x000002e6   0x000002e6   0x00000000   Code   RO          596    .ARM.Collect$$libinit$$0000000E  c_w.l(libinit2.o)
    0x000002e6   0x000002e6   0x00000000   Code   RO          599    .ARM.Collect$$libinit$$00000011  c_w.l(libinit2.o)
    0x000002e6   0x000002e6   0x00000000   Code   RO          601    .ARM.Collect$$libinit$$00000013  c_w.l(libinit2.o)
    0x000002e6   0x000002e6   0x00000000   Code   RO          603    .ARM.Collect$$libinit$$00000015  c_w.l(libinit2.o)
    0x000002e6   0x000002e6   0x00000000   Code   RO          605    .ARM.Collect$$libinit$$00000017  c_w.l(libinit2.o)
    0x000002e6   0x000002e6   0x00000000   Code   RO          607    .ARM.Collect$$libinit$$00000019  c_w.l(libinit2.o)
    0x000002e6   0x000002e6   0x00000000   Code   RO          609    .ARM.Collect$$libinit$$0000001B  c_w.l(libinit2.o)
    0x000002e6   0x000002e6   0x00000000   Code   RO          611    .ARM.Collect$$libinit$$0000001D  c_w.l(libinit2.o)
    0x000002e6   0x000002e6   0x00000000   Code   RO          613    .ARM.Collect$$libinit$$0000001F  c_w.l(libinit2.o)
    0x000002e6   0x000002e6   0x00000000   Code   RO          615    .ARM.Collect$$libinit$$00000021  c_w.l(libinit2.o)
    0x000002e6   0x000002e6   0x00000000   Code   RO          617    .ARM.Collect$$libinit$$00000023  c_w.l(libinit2.o)
    0x000002e6   0x000002e6   0x00000000   Code   RO          619    .ARM.Collect$$libinit$$00000025  c_w.l(libinit2.o)
    0x000002e6   0x000002e6   0x00000000   Code   RO          623    .ARM.Collect$$libinit$$0000002C  c_w.l(libinit2.o)
    0x000002e6   0x000002e6   0x00000000   Code   RO          625    .ARM.Collect$$libinit$$0000002E  c_w.l(libinit2.o)
    0x000002e6   0x000002e6   0x00000000   Code   RO          627    .ARM.Collect$$libinit$$00000030  c_w.l(libinit2.o)
    0x000002e6   0x000002e6   0x00000000   Code   RO          629    .ARM.Collect$$libinit$$00000032  c_w.l(libinit2.o)
    0x000002e6   0x000002e6   0x00000002   Code   RO          630    .ARM.Collect$$libinit$$00000033  c_w.l(libinit2.o)
    0x000002e8   0x000002e8   0x00000002   Code   RO          652    .ARM.Collect$$libshutdown$$00000000  c_w.l(libshutdown.o)
    0x000002ea   0x000002ea   0x00000000   Code   RO          667    .ARM.Collect$$libshutdown$$00000002  c_w.l(libshutdown2.o)
    0x000002ea   0x000002ea   0x00000000   Code   RO          669    .ARM.Collect$$libshutdown$$00000004  c_w.l(libshutdown2.o)
    0x000002ea   0x000002ea   0x00000000   Code   RO          672    .ARM.Collect$$libshutdown$$00000007  c_w.l(libshutdown2.o)
    0x000002ea   0x000002ea   0x00000000   Code   RO          675    .ARM.Collect$$libshutdown$$0000000A  c_w.l(libshutdown2.o)
    0x000002ea   0x000002ea   0x00000000   Code   RO          677    .ARM.Collect$$libshutdown$$0000000C  c_w.l(libshutdown2.o)
    0x000002ea   0x000002ea   0x00000000   Code   RO          680    .ARM.Collect$$libshutdown$$0000000F  c_w.l(libshutdown2.o)
    0x000002ea   0x000002ea   0x00000002   Code   RO          681    .ARM.Collect$$libshutdown$$00000010  c_w.l(libshutdown2.o)
    0x000002ec   0x000002ec   0x00000000   Code   RO          544    .ARM.Collect$$rtentry$$00000000  c_w.l(__rtentry.o)
    0x000002ec   0x000002ec   0x00000000   Code   RO          557    .ARM.Collect$$rtentry$$00000002  c_w.l(__rtentry2.o)
    0x000002ec   0x000002ec   0x00000006   Code   RO          569    .ARM.Collect$$rtentry$$00000004  c_w.l(__rtentry4.o)
    0x000002f2   0x000002f2   0x00000000   Code   RO          559    .ARM.Collect$$rtentry$$00000009  c_w.l(__rtentry2.o)
    0x000002f2   0x000002f2   0x00000004   Code   RO          560    .ARM.Collect$$rtentry$$0000000A  c_w.l(__rtentry2.o)
    0x000002f6   0x000002f6   0x00000000   Code   RO          562    .ARM.Collect$$rtentry$$0000000C  c_w.l(__rtentry2.o)
    0x000002f6   0x000002f6   0x00000008   Code   RO          563    .ARM.Collect$$rtentry$$0000000D  c_w.l(__rtentry2.o)
    0x000002fe   0x000002fe   0x00000002   Code   RO          584    .ARM.Collect$$rtexit$$00000000  c_w.l(rtexit.o)
    0x00000300   0x00000300   0x00000000   Code   RO          632    .ARM.Collect$$rtexit$$00000002  c_w.l(rtexit2.o)
    0x00000300   0x00000300   0x00000004   Code   RO          633    .ARM.Collect$$rtexit$$00000003  c_w.l(rtexit2.o)
    0x00000304   0x00000304   0x00000006   Code   RO          634    .ARM.Collect$$rtexit$$00000004  c_w.l(rtexit2.o)
    0x0000030a   0x0000030a   0x00000002   PAD
    0x0000030c   0x0000030c   0x00000114   Code   RO           97  * .text               startup_tm4c123.o
    0x00000420   0x00000420   0x0000008a   Code   RO          522    .text               c_w.l(rt_memcpy_v6.o)
    0x000004aa   0x000004aa   0x00000010   Code   RO          524    .text               c_w.l(aeabi_memset4.o)
    0x000004ba   0x000004ba   0x00000006   Code   RO          526    .text               c_w.l(heapauxi.o)
    0x000004c0   0x000004c0   0x00000064   Code   RO          545    .text               c_w.l(rt_memcpy_w.o)
    0x00000524   0x00000524   0x0000004e   Code   RO          547    .text               c_w.l(rt_memclr_w.o)
    0x00000572   0x00000572   0x0000004a   Code   RO          571    .text               c_w.l(sys_stackheap_outer.o)
    0x000005bc   0x000005bc   0x00000012   Code   RO          573    .text               c_w.l(exit.o)
    0x000005ce   0x000005ce   0x00000002   PAD
    0x000005d0   0x000005d0   0x00000008   Code   RO          581    .text               c_w.l(libspace.o)
    0x000005d8   0x000005d8   0x0000000c   Code   RO          642    .text               c_w.l(sys_exit.o)
    0x000005e4   0x000005e4   0x00000002   Code   RO          657    .text               c_w.l(use_no_semi.o)
    0x000005e6   0x000005e6   0x00000000   Code   RO          659    .text               c_w.l(indicate_semi.o)
    0x000005e6   0x000005e6   0x00000002   PAD
    0x000005e8   0x000005e8   0x000000b6   Code   RO           42    .text.ADC0Init      adc.o
    0x0000069e   0x0000069e   0x00000002   PAD
    0x000006a0   0x000006a0   0x0000003e   Code   RO           44    .text.ADC0Read      adc.o
    0x000006de   0x000006de   0x00000002   PAD
    0x000006e0   0x000006e0   0x0000061a   Code   RO           24    .text.DIO_Init      dio.o
    0x00000cfa   0x00000cfa   0x00000002   PAD
    0x00000cfc   0x00000cfc   0x000001be   Code   RO           28    .text.DIO_WritePin  dio.o
    0x00000eba   0x00000eba   0x00000002   PAD
    0x00000ebc   0x00000ebc   0x0000004e   Code   RO           63    .text.LCD_Char      lcd.o
    0x00000f0a   0x00000f0a   0x00000002   PAD
    0x00000f0c   0x00000f0c   0x00000044   Code   RO           57    .text.LCD_Cmd       lcd.o
    0x00000f50   0x00000f50   0x00000064   Code   RO           67    .text.LCD_GoToString  lcd.o
    0x00000fb4   0x00000fb4   0x000000bc   Code   RO           61    .text.LCD_Init      lcd.o
    0x00001070   0x00001070   0x00000036   Code   RO           65    .text.LCD_String    lcd.o
    0x000010a6   0x000010a6   0x00000002   PAD
    0x000010a8   0x000010a8   0x00000084   Code   RO           69    .text.LCD_Write_Int  lcd.o
    0x0000112c   0x0000112c   0x00000004   PAD
    0x00001130   0x00001130   0x00000064   Code   RO          156    .text.PendSV_Handler  port.o
    0x00001194   0x00001194   0x0000000c   PAD
    0x000011a0   0x000011a0   0x00000024   Code   RO          140    .text.SVC_Handler   port.o
    0x000011c4   0x000011c4   0x0000003c   Code   RO          158    .text.SysTick_Handler  port.o
    0x00001200   0x00001200   0x00000012   Code   RO          108    .text.SystemInit    system_tm4c123.o
    0x00001212   0x00001212   0x00000002   PAD
    0x00001214   0x00001214   0x0000002e   Code   RO           80    .text.UARTReceive   uart.o
    0x00001242   0x00001242   0x00000002   PAD
    0x00001244   0x00001244   0x0000004a   Code   RO           86    .text.UARTReceive2Digits  uart.o
    0x0000128e   0x0000128e   0x00000002   PAD
    0x00001290   0x00001290   0x0000002e   Code   RO           82    .text.UARTSend      uart.o
    0x000012be   0x000012be   0x00000002   PAD
    0x000012c0   0x000012c0   0x00000036   Code   RO           84    .text.UARTSendString  uart.o
    0x000012f6   0x000012f6   0x00000002   PAD
    0x000012f8   0x000012f8   0x00000098   Code   RO           78    .text.UART_init     uart.o
    0x00001390   0x00001390   0x0000003e   Code   RO           53    .text.delayMs       lcd.o
    0x000013ce   0x000013ce   0x00000002   PAD
    0x000013d0   0x000013d0   0x0000003a   Code   RO           55    .text.delayUs       lcd.o
    0x0000140a   0x0000140a   0x00000002   PAD
    0x0000140c   0x0000140c   0x00000080   Code   RO          376    .text.eTaskConfirmSleepModeStatus  tasks.o
    0x0000148c   0x0000148c   0x00000090   Code   RO            8    .text.lcdTask       main.o
    0x0000151c   0x0000151c   0x000000f2   Code   RO            2    .text.main          main.o
    0x0000160e   0x0000160e   0x00000002   PAD
    0x00001610   0x00001610   0x000000d8   Code   RO            4    .text.mainTask      main.o
    0x000016e8   0x000016e8   0x00000122   Code   RO          298    .text.prvAddCurrentTaskToDelayedList  tasks.o
    0x0000180a   0x0000180a   0x00000002   PAD
    0x0000180c   0x0000180c   0x00000154   Code   RO          286    .text.prvAddNewTaskToReadyList  tasks.o
    0x00001960   0x00001960   0x0000006a   Code   RO          452    .text.prvCheckForValidListAndQueue  timers.o
    0x000019ca   0x000019ca   0x00000002   PAD
    0x000019cc   0x000019cc   0x0000005a   Code   RO          416    .text.prvCheckTasksWaitingTermination  tasks.o
    0x00001a26   0x00001a26   0x00000002   PAD
    0x00001a28   0x00001a28   0x00000042   Code   RO          233    .text.prvCopyDataFromQueue  queue.o
    0x00001a6a   0x00001a6a   0x00000002   PAD
    0x00001a6c   0x00001a6c   0x000000cc   Code   RO          219    .text.prvCopyDataToQueue  queue.o
    0x00001b38   0x00001b38   0x00000018   Code   RO          292    .text.prvDeleteTCB  tasks.o
    0x00001b50   0x00001b50   0x0000007c   Code   RO          418    .text.prvGetExpectedIdleTime  tasks.o
    0x00001bcc   0x00001bcc   0x00000040   Code   RO          488    .text.prvGetNextExpireTime  timers.o
    0x00001c0c   0x00001c0c   0x0000009a   Code   RO          324    .text.prvIdleTask   tasks.o
    0x00001ca6   0x00001ca6   0x00000002   PAD
    0x00001ca8   0x00001ca8   0x0000004e   Code   RO          199    .text.prvInitialiseNewQueue  queue.o
    0x00001cf6   0x00001cf6   0x00000002   PAD
    0x00001cf8   0x00001cf8   0x00000146   Code   RO          284    .text.prvInitialiseNewTask  tasks.o
    0x00001e3e   0x00001e3e   0x00000002   PAD
    0x00001e40   0x00001e40   0x0000008e   Code   RO          414    .text.prvInitialiseTaskLists  tasks.o
    0x00001ece   0x00001ece   0x00000002   PAD
    0x00001ed0   0x00001ed0   0x00000086   Code   RO          502    .text.prvInsertTimerInActiveList  timers.o
    0x00001f56   0x00001f56   0x00000002   PAD
    0x00001f58   0x00001f58   0x00000028   Code   RO          235    .text.prvIsQueueEmpty  queue.o
    0x00001f80   0x00001f80   0x0000002e   Code   RO          223    .text.prvIsQueueFull  queue.o
    0x00001fae   0x00001fae   0x00000002   PAD
    0x00001fb0   0x00001fb0   0x000000d8   Code   RO          221    .text.prvNotifyQueueSetContainer  queue.o
    0x00002088   0x00002088   0x00000028   Code   RO          148    .text.prvPortStartFirstTask  port.o
    0x000020b0   0x000020b0   0x00000054   Code   RO          496    .text.prvProcessExpiredTimer  timers.o
    0x00002104   0x00002104   0x00000180   Code   RO          492    .text.prvProcessReceivedCommands  timers.o
    0x00002284   0x00002284   0x0000009a   Code   RO          490    .text.prvProcessTimerOrBlockTask  timers.o
    0x0000231e   0x0000231e   0x00000002   PAD
    0x00002320   0x00002320   0x00000034   Code   RO          500    .text.prvReloadTimer  timers.o
    0x00002354   0x00002354   0x0000003c   Code   RO          290    .text.prvResetNextTaskUnblockTime  tasks.o
    0x00002390   0x00002390   0x00000044   Code   RO          494    .text.prvSampleTimeNow  timers.o
    0x000023d4   0x000023d4   0x00000052   Code   RO          498    .text.prvSwitchTimerLists  timers.o
    0x00002426   0x00002426   0x00000002   PAD
    0x00002428   0x00002428   0x0000004c   Code   RO          138    .text.prvTaskExitError  port.o
    0x00002474   0x00002474   0x0000001e   Code   RO          454    .text.prvTimerTask  timers.o
    0x00002492   0x00002492   0x00000002   PAD
    0x00002494   0x00002494   0x000000cc   Code   RO          225    .text.prvUnlockQueue  queue.o
    0x00002560   0x00002560   0x000000c0   Code   RO          177    .text.pvPortMalloc  heap_1.o
    0x00002620   0x00002620   0x0000005e   Code   RO          136    .text.pxPortInitialiseStack  port.o
    0x0000267e   0x0000267e   0x00000002   PAD
    0x00002680   0x00002680   0x00000034   Code   RO            6    .text.uartTask      main.o
    0x000026b4   0x000026b4   0x00000048   Code   RO          127    .text.uxListRemove  list.o
    0x000026fc   0x000026fc   0x0000002e   Code   RO          119    .text.vListInitialise  list.o
    0x0000272a   0x0000272a   0x00000002   PAD
    0x0000272c   0x0000272c   0x0000000e   Code   RO          121    .text.vListInitialiseItem  list.o
    0x0000273a   0x0000273a   0x00000002   PAD
    0x0000273c   0x0000273c   0x0000006a   Code   RO          125    .text.vListInsert   list.o
    0x000027a6   0x000027a6   0x00000002   PAD
    0x000027a8   0x000027a8   0x00000014   Code   RO          146    .text.vPortEnableVFP  port.o
    0x000027bc   0x000027bc   0x00000056   Code   RO          152    .text.vPortEnterCritical  port.o
    0x00002812   0x00002812   0x00000002   PAD
    0x00002814   0x00002814   0x0000004a   Code   RO          154    .text.vPortExitCritical  port.o
    0x0000285e   0x0000285e   0x00000002   PAD
    0x00002860   0x00002860   0x00000024   Code   RO          179    .text.vPortFree     heap_1.o
    0x00002884   0x00002884   0x00000078   Code   RO          144    .text.vPortSetupTimerInterrupt  port.o
    0x000028fc   0x000028fc   0x0000020c   Code   RO          160    .text.vPortSuppressTicksAndSleep  port.o
    0x00002b08   0x00002b08   0x00000064   Code   RO          263    .text.vQueueWaitForMessageRestricted  queue.o
    0x00002b6c   0x00002b6c   0x00000024   Code   RO          366    .text.vTaskInternalSetTimeOutState  tasks.o
    0x00002b90   0x00002b90   0x0000000e   Code   RO          370    .text.vTaskMissedYield  tasks.o
    0x00002b9e   0x00002b9e   0x00000002   PAD
    0x00002ba0   0x00002ba0   0x00000042   Code   RO          354    .text.vTaskPlaceOnEventList  tasks.o
    0x00002be2   0x00002be2   0x00000002   PAD
    0x00002be4   0x00002be4   0x0000007c   Code   RO          358    .text.vTaskPlaceOnEventListRestricted  tasks.o
    0x00002c60   0x00002c60   0x000000ba   Code   RO          322    .text.vTaskStartScheduler  tasks.o
    0x00002d1a   0x00002d1a   0x00000002   PAD
    0x00002d1c   0x00002d1c   0x0000004c   Code   RO          348    .text.vTaskStepTick  tasks.o
    0x00002d68   0x00002d68   0x00000010   Code   RO          296    .text.vTaskSuspendAll  tasks.o
    0x00002d78   0x00002d78   0x000000be   Code   RO          314    .text.vTaskSwitchContext  tasks.o
    0x00002e36   0x00002e36   0x00000002   PAD
    0x00002e38   0x00002e38   0x00000156   Code   RO          142    .text.xPortStartScheduler  port.o
    0x00002f8e   0x00002f8e   0x00000002   PAD
    0x00002f90   0x00002f90   0x0000009a   Code   RO          197    .text.xQueueGenericCreate  queue.o
    0x0000302a   0x0000302a   0x00000002   PAD
    0x0000302c   0x0000302c   0x00000108   Code   RO          195    .text.xQueueGenericReset  queue.o
    0x00003134   0x00003134   0x00000274   Code   RO          211    .text.xQueueGenericSend  queue.o
    0x000033a8   0x000033a8   0x000001dc   Code   RO          231    .text.xQueueReceive  queue.o
    0x00003584   0x00003584   0x000000fc   Code   RO          368    .text.xTaskCheckForTimeOut  tasks.o
    0x00003680   0x00003680   0x00000098   Code   RO          282    .text.xTaskCreate   tasks.o
    0x00003718   0x00003718   0x00000038   Code   RO          388    .text.xTaskGetSchedulerState  tasks.o
    0x00003750   0x00003750   0x00000014   Code   RO          330    .text.xTaskGetTickCount  tasks.o
    0x00003764   0x00003764   0x00000260   Code   RO          328    .text.xTaskIncrementTick  tasks.o
    0x000039c4   0x000039c4   0x00000138   Code   RO          392    .text.xTaskPriorityDisinherit  tasks.o
    0x00003afc   0x00003afc   0x00000192   Code   RO          360    .text.xTaskRemoveFromEventList  tasks.o
    0x00003c8e   0x00003c8e   0x00000002   PAD
    0x00003c90   0x00003c90   0x00000222   Code   RO          300    .text.xTaskResumeAll  tasks.o
    0x00003eb2   0x00003eb2   0x00000002   PAD
    0x00003eb4   0x00003eb4   0x0000006c   Code   RO          450    .text.xTimerCreateTimerTask  timers.o
    0x00003f20   0x00003f20   0x00000062   Code   RO          530    x$fpl$d2f           fz_wm.l(d2f.o)
    0x00003f82   0x00003f82   0x00000002   PAD
    0x00003f84   0x00003f84   0x000002b4   Code   RO          533    x$fpl$ddiv          fz_wm.l(ddiv.o)
    0x00004238   0x00004238   0x0000002e   Code   RO          537    x$fpl$dflt          fz_wm.l(dflt_clz.o)
    0x00004266   0x00004266   0x00000002   PAD
    0x00004268   0x00004268   0x00000154   Code   RO          542    x$fpl$dmul          fz_wm.l(dmul.o)
    0x000043bc   0x000043bc   0x0000009c   Code   RO          549    x$fpl$dnaninf       fz_wm.l(dnaninf.o)
    0x00004458   0x00004458   0x0000000c   Code   RO          551    x$fpl$dretinf       fz_wm.l(dretinf.o)
    0x00004464   0x00004464   0x0000001a   Code   RO          640    x$fpl$fpinit        fz_wm.l(fpinit.o)
    0x0000447e   0x0000447e   0x0000000a   Code   RO          553    x$fpl$fretinf       fz_wm.l(fretinf.o)
    0x00004488   0x00004488   0x00000000   Code   RO          555    x$fpl$usenofp       fz_wm.l(usenofp.o)
    0x00004488   0x00004488   0x00000060   Data   RO           34    .rodata.pinCFG      dio.o
    0x000044e8   0x000044e8   0x00000037   Data   RO           15    .rodata.str1.1      main.o
    0x0000451f   0x0000451f   0x00000005   Data   RO          436    .rodata.str1.1      tasks.o
    0x00004524   0x00004524   0x00000008   Data   RO          505    .rodata.str1.1      timers.o
    0x0000452c   0x0000452c   0x00000004   Data   RO          421    .rodata.uxTopUsedPriority  tasks.o
    0x00004530   0x00004530   0x00000020   Data   RO          715    Region$$Table       anon$$obj.o


    Execution Region ER_RW (Exec base: 0x20000000, Load base: 0x00004550, Size: 0x00000008, Max: 0xffffffff, ABSOLUTE)

    Exec Addr    Load Addr    Size         Type   Attr      Idx    E Section Name        Object

    0x20000000   0x00004550   0x00000004   Data   RW          110    .data.SystemCoreClock  system_tm4c123.o
    0x20000004   0x00004554   0x00000004   Data   RW          166    .data.uxCriticalNesting  port.o


    Execution Region ER_ZI (Exec base: 0x20000008, Load base: 0x00004558, Size: 0x000013c8, Max: 0xffffffff, ABSOLUTE)

    Exec Addr    Load Addr    Size         Type   Attr      Idx    E Section Name        Object

    0x20000008        -       0x00000060   Zero   RW          582    .bss                c_w.l(libspace.o)
    0x20000068        -       0x00000004   Zero   RW           13    .bss.LCDQueue       main.o
    0x2000006c        -       0x00000004   Zero   RW           12    .bss.UartQueue      main.o
    0x20000070        -       0x00000004   Zero   RW          509    .bss.prvSampleTimeNow.xLastTime  timers.o
    0x20000074        -       0x00000004   Zero   RW          185    .bss.pvPortMalloc.pucAlignedHeap  heap_1.o
    0x20000078        -       0x00000004   Zero   RW          420    .bss.pxCurrentTCB   tasks.o
    0x2000007c        -       0x00000004   Zero   RW          507    .bss.pxCurrentTimerList  timers.o
    0x20000080        -       0x00000004   Zero   RW          431    .bss.pxDelayedTaskList  tasks.o
    0x20000084        -       0x00000004   Zero   RW          432    .bss.pxOverflowDelayedTaskList  tasks.o
    0x20000088        -       0x00000004   Zero   RW          508    .bss.pxOverflowTimerList  timers.o
    0x2000008c        -       0x00000064   Zero   RW          422    .bss.pxReadyTasksLists  tasks.o
    0x200000f0        -       0x00000004   Zero   RW           14    .bss.setpointQueue  main.o
    0x200000f4        -       0x00001000   Zero   RW          186    .bss.ucHeap         heap_1.o
    0x200010f4        -       0x00000001   Zero   RW          164    .bss.ucMaxSysCallPriority  port.o
    0x200010f5   0x00004558   0x00000003   PAD
    0x200010f8        -       0x00000004   Zero   RW          165    .bss.ulMaxPRIGROUPValue  port.o
    0x200010fc        -       0x00000004   Zero   RW          169    .bss.ulStoppedTimerCompensation  port.o
    0x20001100        -       0x00000004   Zero   RW          168    .bss.ulTimerCountsForOneTick  port.o
    0x20001104        -       0x00000004   Zero   RW          427    .bss.uxCurrentNumberOfTasks  tasks.o
    0x20001108        -       0x00000004   Zero   RW          426    .bss.uxDeletedTasksWaitingCleanUp  tasks.o
    0x2000110c        -       0x00000004   Zero   RW          429    .bss.uxSchedulerSuspended  tasks.o
    0x20001110        -       0x00000004   Zero   RW          424    .bss.uxTaskNumber   tasks.o
    0x20001114        -       0x00000004   Zero   RW          423    .bss.uxTopReadyPriority  tasks.o
    0x20001118        -       0x00000014   Zero   RW          510    .bss.xActiveTimerList1  timers.o
    0x2000112c        -       0x00000014   Zero   RW          511    .bss.xActiveTimerList2  timers.o
    0x20001140        -       0x00000014   Zero   RW          441    .bss.xDelayedTaskList1  tasks.o
    0x20001154        -       0x00000014   Zero   RW          442    .bss.xDelayedTaskList2  tasks.o
    0x20001168        -       0x00000004   Zero   RW          437    .bss.xIdleTaskHandle  tasks.o
    0x2000116c        -       0x00000004   Zero   RW          167    .bss.xMaximumPossibleSuppressedTicks  port.o
    0x20001170        -       0x00000004   Zero   RW          187    .bss.xNextFreeByte  heap_1.o
    0x20001174        -       0x00000004   Zero   RW          438    .bss.xNextTaskUnblockTime  tasks.o
    0x20001178        -       0x00000004   Zero   RW          440    .bss.xNumOfOverflows  tasks.o
    0x2000117c        -       0x00000004   Zero   RW          439    .bss.xPendedTicks   tasks.o
    0x20001180        -       0x00000014   Zero   RW          435    .bss.xPendingReadyList  tasks.o
    0x20001194        -       0x00000004   Zero   RW          428    .bss.xSchedulerRunning  tasks.o
    0x20001198        -       0x00000014   Zero   RW          433    .bss.xSuspendedTaskList  tasks.o
    0x200011ac        -       0x00000014   Zero   RW          425    .bss.xTasksWaitingTermination  tasks.o
    0x200011c0        -       0x00000004   Zero   RW          430    .bss.xTickCount     tasks.o
    0x200011c4        -       0x00000004   Zero   RW          504    .bss.xTimerQueue    timers.o
    0x200011c8        -       0x00000004   Zero   RW          506    .bss.xTimerTaskHandle  timers.o
    0x200011cc        -       0x00000004   Zero   RW          434    .bss.xYieldPending  tasks.o
    0x200011d0        -       0x00000000   Zero   RW           95    HEAP                startup_tm4c123.o
    0x200011d0        -       0x00000200   Zero   RW           94    STACK               startup_tm4c123.o


==============================================================================

Image component sizes


      Code (inc. data)   RO Data    RW Data    ZI Data      Debug   Object Name

       244          0          0          0          0        610   adc.o
      2008         18         96          0          0       3736   dio.o
       228          0          0          0       4104       1664   heap_1.o
       740          0          0          0          0       3074   lcd.o
       238          0          0          0          0       2192   list.o
       654         16         55          0         12       2790   main.o
      1572         16          0          4         17       4760   port.o
      2476          0          0          0          0      16846   queue.o
       276         24        620          0        512       5444   startup_tm4c123.o
        18          0          0          4          0       6535   system_tm4c123.o
      4734          0          9          0        260      27048   tasks.o
      1266         10          8          0         60       9321   timers.o
       372          0          0          0          0       1199   uart.o

    ----------------------------------------------------------------------
     14924         96        820          8       4968      85219   Object Totals
         0          0         32          0          0          0   (incl. Generated)
        98         12          0          0          3          0   (incl. Padding)

    ----------------------------------------------------------------------

      Code (inc. data)   RO Data    RW Data    ZI Data      Debug   Library Member Name

         8          0          0          0          0         68   __main.o
         0          0          0          0          0          0   __rtentry.o
        12          0          0          0          0          0   __rtentry2.o
         6          0          0          0          0          0   __rtentry4.o
        52          8          0          0          0          0   __scatter.o
        26          0          0          0          0          0   __scatter_copy.o
        28          0          0          0          0          0   __scatter_zi.o
        16          0          0          0          0         68   aeabi_memset4.o
        18          0          0          0          0         80   exit.o
         6          0          0          0          0        152   heapauxi.o
         0          0          0          0          0          0   indicate_semi.o
         2          0          0          0          0          0   libinit.o
         6          0          0          0          0          0   libinit2.o
         2          0          0          0          0          0   libshutdown.o
         2          0          0          0          0          0   libshutdown2.o
         8          4          0          0         96         68   libspace.o
        78          0          0          0          0         80   rt_memclr_w.o
       138          0          0          0          0         68   rt_memcpy_v6.o
       100          0          0          0          0         80   rt_memcpy_w.o
         2          0          0          0          0          0   rtexit.o
        10          0          0          0          0          0   rtexit2.o
        12          4          0          0          0         68   sys_exit.o
        74          0          0          0          0         80   sys_stackheap_outer.o
         2          0          0          0          0         68   use_no_semi.o
        98          4          0          0          0        140   d2f.o
       692        140          0          0          0        264   ddiv.o
        46          0          0          0          0        116   dflt_clz.o
       340         12          0          0          0        152   dmul.o
       156          4          0          0          0        140   dnaninf.o
        12          0          0          0          0        116   dretinf.o
        26          0          0          0          0        116   fpinit.o
        10          0          0          0          0        116   fretinf.o
         0          0          0          0          0          0   usenofp.o

    ----------------------------------------------------------------------
      2000        176          0          0         96       2040   Library Totals
        12          0          0          0          0          0   (incl. Padding)

    ----------------------------------------------------------------------

      Code (inc. data)   RO Data    RW Data    ZI Data      Debug   Library Name

       608         16          0          0         96        880   c_w.l
      1380        160          0          0          0       1160   fz_wm.l

    ----------------------------------------------------------------------
      2000        176          0          0         96       2040   Library Totals

    ----------------------------------------------------------------------

==============================================================================


      Code (inc. data)   RO Data    RW Data    ZI Data      Debug   

     16924        272        820          8       5064      85975   Grand Totals
     16924        272        820          8       5064      85975   ELF Image Totals
     16924        272        820          8          0          0   ROM Totals

==============================================================================

    Total RO  Size (Code + RO Data)                17744 (  17.33kB)
    Total RW  Size (RW Data + ZI Data)              5072 (   4.95kB)
    Total ROM Size (Code + RO Data + RW Data)      17752 (  17.34kB)

==============================================================================

